
                                 *****************
                                 * O   R   C   A *
                                 *****************

           --- An Ab Initio, DFT and Semiempirical electronic structure package ---

                  #######################################################
                  #                        -***-                        #
                  #  Department of molecular theory and spectroscopy    #
                  #              Directorship: Frank Neese              #
                  # Max Planck Institute for Chemical Energy Conversion #
                  #                  D-45470 Muelheim/Ruhr              #
                  #                       Germany                       #
                  #                                                     #
                  #                  All rights reserved                #
                  #                        -***-                        #
                  #######################################################


                         Program Version 4.0.0 -  RELEASE  -


 With contributions from (in alphabetic order):
   Daniel Aravena         : Magnetic Properties
   Michael Atanasov       : Ab Initio Ligand Field Theory
   Ute Becker             : Parallelization
   Martin Brehm           : Molecular dynamics
   Dmytro Bykov           : SCF Hessian
   Vijay G. Chilkuri      : MRCI spin determinant printing
   Dipayan Datta          : RHF DLPNO-CCSD density
   Achintya Kumar Dutta   : EOM-CC, STEOM-CC
   Dmitry Ganyushin       : Spin-Orbit,Spin-Spin,Magnetic field MRCI
   Yang Guo               : DLPNO-NEVPT2, CIM, IAO-localization
   Andreas Hansen         : Spin unrestricted coupled pair/coupled cluster methods
   Lee Huntington         : MR-EOM, pCC
   Robert Izsak           : Overlap fitted RIJCOSX, COSX-SCS-MP3, EOM
   Christian Kollmar      : KDIIS, OOCD, Brueckner-CCSD(T), CCSD density
   Simone Kossmann        : Meta GGA functionals, TD-DFT gradient, OOMP2, MP2 Hessian
   Martin Krupicka        : AUTO-CI
   Dagmar Lenk            : GEPOL surface
   Dimitrios Liakos       : Extrapolation schemes; parallel MDCI
   Dimitrios Manganas     : ROCIS; embedding schemes
   Dimitrios Pantazis     : SARC Basis sets
   Taras Petrenko         : DFT Hessian,TD-DFT gradient, ASA, ECA, R-Raman, ABS, FL, XAS/XES, NRVS
   Peter Pinski           : DLPNO-MP2
   Christoph Reimann      : Effective Core Potentials
   Marius Retegan         : Local ZFS, SOC
   Christoph Riplinger    : Optimizer, TS searches, QM/MM, DLPNO-CCSD(T), (RO)-DLPNO pert. Triples
   Tobias Risthaus        : Range-separated hybrids, TD-DFT gradient, RPA, STAB
   Michael Roemelt        : Restricted open shell CIS
   Masaaki Saitow         : Open-shell DLPNO
   Barbara Sandhoefer     : DKH picture change effects
   Kantharuban Sivalingam : CASSCF convergence, NEVPT2, FIC-MRCI
   Georgi Stoychev        : AutoAux
   Boris Wezisla          : Elementary symmetry handling
   Frank Wennmohs         : Technical directorship


 We gratefully acknowledge several colleagues who have allowed us to
 interface, adapt or use parts of their codes:
   Stefan Grimme, W. Hujo, H. Kruse,             : VdW corrections, initial TS optimization,
                  C. Bannwarth                     DFT functionals, gCP, sTDA/sTD-DF
   Ed Valeev                                     : LibInt (2-el integral package), F12 methods
   Garnet Chan, S. Sharma, J. Yang, R. Olivares  : DMRG
   Ulf Ekstrom                                   : XCFun DFT Library
   Mihaly Kallay                                 : mrcc  (arbitrary order and MRCC methods)
   Jiri Pittner, Ondrej Demel                    : Mk-CCSD
   Frank Weinhold                                : gennbo (NPA and NBO analysis)
   Christopher J. Cramer and Donald G. Truhlar   : smd solvation model


 Your calculation uses the libint2 library for the computation of 2-el integrals
 For citations please refer to: http://libint.valeyev.net

 This ORCA versions uses:
   CBLAS   interface :  Fast vector & matrix operations
   LAPACKE interface :  Fast linear algebra routines
   SCALAPACK package :  Parallel linear algebra routines


Your calculation utilizes the basis: 3-21G
   H-Ne       : J. S. Binkley, J. A. Pople and W. J. Hehre, J. Am. Chem. Soc. 102 939 (1980).
   Na-Ar      : M. S. Gordon, J. S. Binkley, J. A. Pople, W. J. Pietro and W.J. Hehre, J. Am. Chem. Soc. 104, 2797 (1983).
   K-Ca, Ga-Kr: K. D. Dobbs and W. J. Hehre, J. Comput. Chem. 7, 359 (1986).
   Sc-Zn      : K. D. Dobbs and W. J. Hehre, J. Comput. Chem. 8, 861 (1987).
   Y-Cd       : K. D. Dobbs and W. J. Hehre, J. Comput. Chem. 8, 880 (1987).

================================================================================
                                        WARNINGS
                       Please study these warnings very carefully!
================================================================================

Warning: TCutStore was < 0. Adjusted to Thresh (uncritical)

WARNING: TCut can not be >=Thresh
  ===> : TCut is set to 0.01*Thresh

INFO   : the flag for use of LIBINT has been found!

================================================================================
                                       INPUT FILE
================================================================================
NAME = H2O_3-21g.in
|  1> ! bohrs hf EXTREMESCF nofrozencore nopop noprintmos 3-21g
|  2> 
|  3> * xyz 0 1
|  4> O   0  0  0
|  5> H   0  0  1.795239827225189
|  6> H   1.693194615993441  0  -0.599043184453037
|  7> *
|  8> 
|  9>                          ****END OF INPUT****
================================================================================

                       ****************************
                       * Single Point Calculation *
                       ****************************

---------------------------------
CARTESIAN COORDINATES (ANGSTROEM)
---------------------------------
  O      0.000000    0.000000    0.000000
  H      0.000000    0.000000    0.950000
  H      0.896000    0.000000   -0.317000

----------------------------
CARTESIAN COORDINATES (A.U.)
----------------------------
  NO LB      ZA    FRAG     MASS         X           Y           Z
   0 O     8.0000    0    15.999    0.000000    0.000000    0.000000
   1 H     1.0000    0     1.008    0.000000    0.000000    1.795240
   2 H     1.0000    0     1.008    1.693195    0.000000   -0.599043

--------------------------------
INTERNAL COORDINATES (ANGSTROEM)
--------------------------------
 O      0   0   0     0.000000000000     0.00000000     0.00000000
 H      1   0   0     0.950000000000     0.00000000     0.00000000
 H      1   2   0     0.950423589775   109.48350658     0.00000000

---------------------------
INTERNAL COORDINATES (A.U.)
---------------------------
 O      0   0   0     0.000000000000     0.00000000     0.00000000
 H      1   0   0     1.795239827225     0.00000000     0.00000000
 H      1   2   0     1.796040295892   109.48350658     0.00000000

---------------------
BASIS SET INFORMATION
---------------------
There are 2 groups of distinct atoms

 Group   1 Type O   : 6s3p contracted to 3s2p pattern {321/21}
 Group   2 Type H   : 3s contracted to 2s pattern {21}

Atom   0O    basis set group =>   1
Atom   1H    basis set group =>   2
Atom   2H    basis set group =>   2
------------------------------------------------------------------------------
                           ORCA GTO INTEGRAL CALCULATION
------------------------------------------------------------------------------

                         BASIS SET STATISTICS AND STARTUP INFO

 # of primitive gaussian shells          ...   15
 # of primitive gaussian functions       ...   21
 # of contracted shells                  ...    9
 # of contracted basis functions         ...   13
 Highest angular momentum                ...    1
 Maximum contraction depth               ...    3
 Integral package used                   ... LIBINT
 Integral threshhold            Thresh   ...  3.000e-16
 Primitive cut-off              TCut     ...  3.000e-18


------------------------------ INTEGRAL EVALUATION ----------------------------


 * One electron integrals 
 Pre-screening matrix                    ... done
 Shell pair data                         ... done (   0.000 sec)

-------------------------------------------------------------------------------
                                 ORCA SCF
-------------------------------------------------------------------------------

------------
SCF SETTINGS
------------
Hamiltonian:
 Ab initio Hamiltonian  Method          .... Hartree-Fock(GTOs)


General Settings:
 Integral files         IntName         .... H2O_3-21g
 Hartree-Fock type      HFTyp           .... RHF
 Total Charge           Charge          ....    0
 Multiplicity           Mult            ....    1
 Number of Electrons    NEL             ....   10
 Basis Dimension        Dim             ....   13
 Nuclear Repulsion      ENuc            ....      9.2514792692 Eh

Convergence Acceleration:
 DIIS                   CNVDIIS         .... on
   Start iteration      DIISMaxIt       ....    12
   Startup error        DIISStart       ....  0.200000
   # of expansion vecs  DIISMaxEq       ....     5
   Bias factor          DIISBfac        ....   1.050
   Max. coefficient     DIISMaxC        ....  10.000
 Newton-Raphson         CNVNR           .... off
 SOSCF                  CNVSOSCF        .... on
   Start iteration      SOSCFMaxIt      ....   150
   Startup grad/error   SOSCFStart      ....  0.003300
 Level Shifting         CNVShift        .... on
   Level shift para.    LevelShift      ....    0.2500
   Turn off err/grad.   ShiftErr        ....    0.0010
 Zerner damping         CNVZerner       .... off
 Static damping         CNVDamp         .... on
   Fraction old density DampFac         ....    0.7000
   Max. Damping (<1)    DampMax         ....    0.9800
   Min. Damping (>=0)   DampMin         ....    0.0000
   Turn off err/grad.   DampErr         ....    0.1000
 Fernandez-Rico         CNVRico         .... off

SCF Procedure:
 Maximum # iterations   MaxIter         ....   125
 SCF integral mode      SCFMode         .... Direct
   Integral package                     .... LIBINT
 Reset frequeny         DirectResetFreq ....    20
 Integral Threshold     Thresh          ....  3.000e-16 Eh
 Primitive CutOff       TCut            ....  3.000e-18 Eh

Convergence Tolerance:
 Convergence Check Mode ConvCheckMode   .... All-Criteria
 Convergence forced     ConvForced      .... 0
 Energy Change          TolE            ....  1.000e-14 Eh
 Max Density Change     TolMaxP         ....  1.000e-14
 RMS Density Change     TolRMSP         ....  1.000e-14
 Orbital Gradient       TolG            ....  1.000e-09
 Orbital Rotation angle TolX            ....  1.000e-09
 DIIS Error             TolErr          ....  1.000e-14


Diagonalization of the overlap matrix:
Smallest eigenvalue                        ... 1.078e-01
Time for diagonalization                   ...    0.000 sec
Threshold for overlap eigenvalues          ... 1.000e-08
Number of eigenvalues below threshold      ... 0
Time for construction of square roots      ...    0.000 sec
Total time needed                          ...    0.000 sec

-------------------
DFT GRID GENERATION
-------------------

General Integration Accuracy     IntAcc      ...  4.340
Radial Grid Type                 RadialGrid  ... Gauss-Chebyshev
Angular Grid (max. acc.)         AngularGrid ... Lebedev-110
Angular grid pruning method      GridPruning ... 3 (G Style)
Weight generation scheme         WeightScheme... Becke
Basis function cutoff            BFCut       ...    3.0000e-16
Integration weight cutoff        WCut        ...    1.0000e-14
Grids for H and He will be reduced by one unit

# of grid points (after initial pruning)     ...   3304 (   0.0 sec)
# of grid points (after weights+screening)   ...   3265 (   0.0 sec)
nearest neighbour list constructed           ...    0.0 sec
Grid point re-assignment to atoms done       ...    0.0 sec
Grid point division into batches done        ...    0.0 sec
Reduced shell lists constructed in    0.0 sec

Total number of grid points                  ...     3265
Total number of batches                      ...       53
Average number of points per batch           ...       61
Average number of grid points per atom       ...     1088
Average number of shells per batch           ...     8.35 (92.80%)
Average number of basis functions per batch  ...    12.17 (93.59%)
Average number of large shells per batch     ...     7.89 (94.46%)
Average number of large basis fcns per batch ...    11.52 (94.67%)
Maximum spatial batch extension              ...  20.98, 25.65, 17.09 au
Average spatial batch extension              ...   5.04,  5.79,  4.95 au

Time for grid setup =    0.011 sec

------------------------------
INITIAL GUESS: MODEL POTENTIAL
------------------------------
Loading Hartree-Fock densities                     ... done
Calculating cut-offs                               ... done
Setting up the integral package                    ... done
Initializing the effective Hamiltonian             ... done
Starting the Coulomb interaction                   ... done (   0.0 sec)
Reading the grid                                   ... done
Mapping shells                                     ... done
Starting the XC term evaluation                    ... done (   0.0 sec)
Transforming the Hamiltonian                       ... done (   0.0 sec)
Diagonalizing the Hamiltonian                      ... done (   0.0 sec)
Back transforming the eigenvectors                 ... done (   0.0 sec)
Now organizing SCF variables                       ... done
                      ------------------
                      INITIAL GUESS DONE (   0.1 sec)
                      ------------------
--------------
SCF ITERATIONS
--------------
ITER       Energy         Delta-E        Max-DP      RMS-DP      [F,P]     Damp
               ***  Starting incremental Fock matrix formation  ***
  0    -75.4977202296   0.000000000000 0.05033625  0.00876139  0.3319116 0.7000
  1    -75.5307304274  -0.033010197716 0.03257532  0.00616958  0.2046704 0.7000
                               ***Turning on DIIS***
  2    -75.5492759133  -0.018545485915 0.01942249  0.00363385  0.1182023 0.7000
  3    -75.7192093271  -0.169933413804 0.03249578  0.00579025  0.0696696 0.0000
  4    -75.5691667665   0.150042560592 0.00699689  0.00090131  0.0146374 0.0000
                      *** Initiating the SOSCF procedure ***
                           *** Shutting down DIIS ***
                      *** Re-Reading the Fockian *** 
                      *** Removing any level shift *** 
ITER      Energy       Delta-E        Grad      Rot      Max-DP    RMS-DP
  5    -75.58743732  -0.0182705543  0.001445  0.001445  0.001771  0.000351
               *** Restarting incremental Fock matrix formation ***
  6    -75.58541177   0.0020255515  0.000561  0.000706  0.001260  0.000183
  7    -75.58541355  -0.0000017854  0.000236  0.000474  0.000702  0.000115
  8    -75.58541389  -0.0000003329  0.000060  0.000035  0.000049  0.000010
  9    -75.58541389  -0.0000000074  0.000022  0.000018  0.000013  0.000003
 10    -75.58541390  -0.0000000014  0.000005  0.000006  0.000005  0.000001
 11    -75.58541390  -0.0000000001  0.000000  0.000000  0.000001  0.000000
 12    -75.58541390  -0.0000000000  0.000000  0.000000  0.000000  0.000000
 13    -75.58541390  -0.0000000000  0.000000  0.000000  0.000000  0.000000
                    ***Orbital Rotation convergence achieved***
 14    -75.58541390   0.0000000000  0.000000  0.000000  0.000000  0.000000
                           ***RMSP convergence achieved***
                           ***MAXP convergence achieved***
                       ***Gradient convergence achieved***
 15    -75.58541390  -0.0000000000  0.000000  0.000000  0.000000  0.000000
                          ***Energy convergence achieved***
              ***Rediagonalizing the Fockian in SOSCF/NRSCF***

               *****************************************************
               *                     SUCCESS                       *
               *           SCF CONVERGED AFTER  16 CYCLES          *
               *****************************************************


----------------
TOTAL SCF ENERGY
----------------

Total Energy       :          -75.58541390 Eh           -2056.78368 eV

Components:
Nuclear Repulsion  :            9.25147927 Eh             251.74555 eV
Electronic Energy  :          -84.83689317 Eh           -2308.52923 eV
One Electron Energy:         -122.76990636 Eh           -3340.73899 eV
Two Electron Energy:           37.93301319 Eh            1032.20977 eV

Virial components:
Potential Energy   :         -151.07134445 Eh           -4110.86027 eV
Kinetic Energy     :           75.48593055 Eh            2054.07660 eV
Virial Ratio       :            2.00131791


---------------
SCF CONVERGENCE
---------------

  Last Energy change         ...    0.0000e+00  Tolerance :   1.0000e-14
  Last MAX-Density change    ...    0.0000e+00  Tolerance :   1.0000e-14
  Last RMS-Density change    ...    0.0000e+00  Tolerance :   1.0000e-14
  Last Orbital Gradient      ...    9.4220e-10  Tolerance :   1.0000e-09
  Last Orbital Rotation      ...    0.0000e+00  Tolerance :   1.0000e-09

             **** THE GBW FILE WAS UPDATED (H2O_3-21g.gbw) ****
             **** DENSITY FILE WAS UPDATED (H2O_3-21g.scfp.tmp) ****
             **** ENERGY FILE WAS UPDATED (H2O_3-21g.en.tmp) ****
----------------
ORBITAL ENERGIES
----------------

  NO   OCC          E(Eh)            E(eV) 
   0   2.0000     -20.422097      -555.7135 
   1   2.0000      -1.326982       -36.1090 
   2   2.0000      -0.697499       -18.9799 
   3   2.0000      -0.528446       -14.3797 
   4   2.0000      -0.476916       -12.9776 
   5   0.0000       0.266528         7.2526 
   6   0.0000       0.366603         9.9758 
   7   0.0000       1.226759        33.3818 
   8   0.0000       1.285413        34.9779 
   9   0.0000       1.785185        48.5774 
  10   0.0000       1.855704        50.4963 
  11   0.0000       2.027887        55.1816 
  12   0.0000       3.109652        84.6179 
-------
TIMINGS
-------

Total SCF time: 0 days 0 hours 0 min 1 sec 

Total time                  ....       1.434 sec
Sum of individual times     ....       1.432 sec  ( 99.8%)

Fock matrix formation       ....       1.329 sec  ( 92.6%)
Diagonalization             ....       0.001 sec  (  0.0%)
Density matrix formation    ....       0.000 sec  (  0.0%)
Population analysis         ....       0.000 sec  (  0.0%)
Initial guess               ....       0.090 sec  (  6.3%)
Orbital Transformation      ....       0.000 sec  (  0.0%)
Orbital Orthonormalization  ....       0.000 sec  (  0.0%)
DIIS solution               ....       0.000 sec  (  0.0%)
SOSCF solution              ....       0.001 sec  (  0.1%)

-------------------------   --------------------
FINAL SINGLE POINT ENERGY       -75.585413896429
-------------------------   --------------------


                            ***************************************
                            *     ORCA property calculations      *
                            ***************************************

                                    ---------------------
                                    Active property flags
                                    ---------------------
   (+) Dipole Moment


------------------------------------------------------------------------------
                       ORCA ELECTRIC PROPERTIES CALCULATION
------------------------------------------------------------------------------

Dipole Moment Calculation                       ... on
Quadrupole Moment Calculation                   ... off
Polarizability Calculation                      ... off
GBWName                                         ... H2O_3-21g.gbw
Electron density file                           ... H2O_3-21g.scfp.tmp

-------------
DIPOLE MOMENT
-------------
                                X             Y             Z
Electronic contribution:      0.01102       0.00000       0.00807
Nuclear contribution   :      0.74580       0.00000       0.52688
                        -----------------------------------------
Total Dipole Moment    :      0.75681       0.00000       0.53495
                        -----------------------------------------
Magnitude (a.u.)       :      0.92679
Magnitude (Debye)      :      2.35571


Timings for individual modules:

Sum of individual times         ...        1.617 sec (=   0.027 min)
GTO integral calculation        ...        0.167 sec (=   0.003 min)  10.3 %
SCF iterations                  ...        1.449 sec (=   0.024 min)  89.7 %
                             ****ORCA TERMINATED NORMALLY****
TOTAL RUN TIME: 0 days 0 hours 0 minutes 1 seconds 706 msec
