
                                 *****************
                                 * O   R   C   A *
                                 *****************

           --- An Ab Initio, DFT and Semiempirical electronic structure package ---

                  #######################################################
                  #                        -***-                        #
                  #  Department of molecular theory and spectroscopy    #
                  #              Directorship: Frank Neese              #
                  # Max Planck Institute for Chemical Energy Conversion #
                  #                  D-45470 Muelheim/Ruhr              #
                  #                       Germany                       #
                  #                                                     #
                  #                  All rights reserved                #
                  #                        -***-                        #
                  #######################################################


                         Program Version 4.0.0 -  RELEASE  -


 With contributions from (in alphabetic order):
   Daniel Aravena         : Magnetic Properties
   Michael Atanasov       : Ab Initio Ligand Field Theory
   Ute Becker             : Parallelization
   Martin Brehm           : Molecular dynamics
   Dmytro Bykov           : SCF Hessian
   Vijay G. Chilkuri      : MRCI spin determinant printing
   Dipayan Datta          : RHF DLPNO-CCSD density
   Achintya Kumar Dutta   : EOM-CC, STEOM-CC
   Dmitry Ganyushin       : Spin-Orbit,Spin-Spin,Magnetic field MRCI
   Yang Guo               : DLPNO-NEVPT2, CIM, IAO-localization
   Andreas Hansen         : Spin unrestricted coupled pair/coupled cluster methods
   Lee Huntington         : MR-EOM, pCC
   Robert Izsak           : Overlap fitted RIJCOSX, COSX-SCS-MP3, EOM
   Christian Kollmar      : KDIIS, OOCD, Brueckner-CCSD(T), CCSD density
   Simone Kossmann        : Meta GGA functionals, TD-DFT gradient, OOMP2, MP2 Hessian
   Martin Krupicka        : AUTO-CI
   Dagmar Lenk            : GEPOL surface
   Dimitrios Liakos       : Extrapolation schemes; parallel MDCI
   Dimitrios Manganas     : ROCIS; embedding schemes
   Dimitrios Pantazis     : SARC Basis sets
   Taras Petrenko         : DFT Hessian,TD-DFT gradient, ASA, ECA, R-Raman, ABS, FL, XAS/XES, NRVS
   Peter Pinski           : DLPNO-MP2
   Christoph Reimann      : Effective Core Potentials
   Marius Retegan         : Local ZFS, SOC
   Christoph Riplinger    : Optimizer, TS searches, QM/MM, DLPNO-CCSD(T), (RO)-DLPNO pert. Triples
   Tobias Risthaus        : Range-separated hybrids, TD-DFT gradient, RPA, STAB
   Michael Roemelt        : Restricted open shell CIS
   Masaaki Saitow         : Open-shell DLPNO
   Barbara Sandhoefer     : DKH picture change effects
   Kantharuban Sivalingam : CASSCF convergence, NEVPT2, FIC-MRCI
   Georgi Stoychev        : AutoAux
   Boris Wezisla          : Elementary symmetry handling
   Frank Wennmohs         : Technical directorship


 We gratefully acknowledge several colleagues who have allowed us to
 interface, adapt or use parts of their codes:
   Stefan Grimme, W. Hujo, H. Kruse,             : VdW corrections, initial TS optimization,
                  C. Bannwarth                     DFT functionals, gCP, sTDA/sTD-DF
   Ed Valeev                                     : LibInt (2-el integral package), F12 methods
   Garnet Chan, S. Sharma, J. Yang, R. Olivares  : DMRG
   Ulf Ekstrom                                   : XCFun DFT Library
   Mihaly Kallay                                 : mrcc  (arbitrary order and MRCC methods)
   Jiri Pittner, Ondrej Demel                    : Mk-CCSD
   Frank Weinhold                                : gennbo (NPA and NBO analysis)
   Christopher J. Cramer and Donald G. Truhlar   : smd solvation model


 Your calculation uses the libint2 library for the computation of 2-el integrals
 For citations please refer to: http://libint.valeyev.net

 This ORCA versions uses:
   CBLAS   interface :  Fast vector & matrix operations
   LAPACKE interface :  Fast linear algebra routines
   SCALAPACK package :  Parallel linear algebra routines


Your calculation utilizes the basis: STO-3G
   H-Ne       : W. J. Hehre, R. F. Stewart and J. A. Pople, J. Chem. Phys. 2657 (1969).
   Na-Ar      : W. J. Hehre, R. Ditchfield, R. F. Stewart and J. A. Pople, J. Chem. Phys. 2769 (1970).
   K,Ca,Ga-Kr : W. J. Pietro, B. A. Levy, W. J. Hehre and R. F. Stewart, J. Am. Chem. Soc. 19, 2225 (1980).
   Sc-Zn,Y-Cd : W. J. Pietro and W. J. Hehre, J. Comp. Chem. 4, 241 (1983).

================================================================================
                                        WARNINGS
                       Please study these warnings very carefully!
================================================================================

Warning: TCutStore was < 0. Adjusted to Thresh (uncritical)

WARNING: TCut can not be >=Thresh
  ===> : TCut is set to 0.01*Thresh

WARNING: Post HF methods need fully converged wavefunctions
  ===> : Setting SCFConvForced true
         You can overwrite this default with %scf ConvForced false 


INFO   : the flag for use of LIBINT has been found!

================================================================================
                                       INPUT FILE
================================================================================
NAME = H2O_sto-3g_mp2.in
|  1> ! bohrs mp2 EXTREMESCF nofrozencore sto-3g nopop noprintmos
|  2> 
|  3> * xyz 0 1
|  4> O   0  0  0
|  5> H   0  0  1.795239827225189
|  6> H   1.693194615993441  0  -0.599043184453037
|  7> *
|  8> 
|  9>                          ****END OF INPUT****
================================================================================

                       ****************************
                       * Single Point Calculation *
                       ****************************

---------------------------------
CARTESIAN COORDINATES (ANGSTROEM)
---------------------------------
  O      0.000000    0.000000    0.000000
  H      0.000000    0.000000    0.950000
  H      0.896000    0.000000   -0.317000

----------------------------
CARTESIAN COORDINATES (A.U.)
----------------------------
  NO LB      ZA    FRAG     MASS         X           Y           Z
   0 O     8.0000    0    15.999    0.000000    0.000000    0.000000
   1 H     1.0000    0     1.008    0.000000    0.000000    1.795240
   2 H     1.0000    0     1.008    1.693195    0.000000   -0.599043

--------------------------------
INTERNAL COORDINATES (ANGSTROEM)
--------------------------------
 O      0   0   0     0.000000000000     0.00000000     0.00000000
 H      1   0   0     0.950000000000     0.00000000     0.00000000
 H      1   2   0     0.950423589775   109.48350658     0.00000000

---------------------------
INTERNAL COORDINATES (A.U.)
---------------------------
 O      0   0   0     0.000000000000     0.00000000     0.00000000
 H      1   0   0     1.795239827225     0.00000000     0.00000000
 H      1   2   0     1.796040295892   109.48350658     0.00000000

---------------------
BASIS SET INFORMATION
---------------------
There are 2 groups of distinct atoms

 Group   1 Type O   : 6s3p contracted to 2s1p pattern {33/3}
 Group   2 Type H   : 3s contracted to 1s pattern {3}

Atom   0O    basis set group =>   1
Atom   1H    basis set group =>   2
Atom   2H    basis set group =>   2
------------------------------------------------------------------------------
                           ORCA GTO INTEGRAL CALCULATION
------------------------------------------------------------------------------

                         BASIS SET STATISTICS AND STARTUP INFO

 # of primitive gaussian shells          ...   15
 # of primitive gaussian functions       ...   21
 # of contracted shells                  ...    5
 # of contracted basis functions         ...    7
 Highest angular momentum                ...    1
 Maximum contraction depth               ...    3
 Integral package used                   ... LIBINT
 Integral threshhold            Thresh   ...  3.000e-16
 Primitive cut-off              TCut     ...  3.000e-18


------------------------------ INTEGRAL EVALUATION ----------------------------


 * One electron integrals 
 Pre-screening matrix                    ... done
 Shell pair data                         ... done (   0.000 sec)

-------------------------------------------------------------------------------
                                 ORCA SCF
-------------------------------------------------------------------------------

------------
SCF SETTINGS
------------
Hamiltonian:
 Ab initio Hamiltonian  Method          .... Hartree-Fock(GTOs)


General Settings:
 Integral files         IntName         .... H2O_sto-3g_mp2
 Hartree-Fock type      HFTyp           .... RHF
 Total Charge           Charge          ....    0
 Multiplicity           Mult            ....    1
 Number of Electrons    NEL             ....   10
 Basis Dimension        Dim             ....    7
 Nuclear Repulsion      ENuc            ....      9.2514792692 Eh

Convergence Acceleration:
 DIIS                   CNVDIIS         .... on
   Start iteration      DIISMaxIt       ....    12
   Startup error        DIISStart       ....  0.200000
   # of expansion vecs  DIISMaxEq       ....     5
   Bias factor          DIISBfac        ....   1.050
   Max. coefficient     DIISMaxC        ....  10.000
 Newton-Raphson         CNVNR           .... off
 SOSCF                  CNVSOSCF        .... on
   Start iteration      SOSCFMaxIt      ....   150
   Startup grad/error   SOSCFStart      ....  0.003300
 Level Shifting         CNVShift        .... on
   Level shift para.    LevelShift      ....    0.2500
   Turn off err/grad.   ShiftErr        ....    0.0010
 Zerner damping         CNVZerner       .... off
 Static damping         CNVDamp         .... on
   Fraction old density DampFac         ....    0.7000
   Max. Damping (<1)    DampMax         ....    0.9800
   Min. Damping (>=0)   DampMin         ....    0.0000
   Turn off err/grad.   DampErr         ....    0.1000
 Fernandez-Rico         CNVRico         .... off

SCF Procedure:
 Maximum # iterations   MaxIter         ....   125
 SCF integral mode      SCFMode         .... Direct
   Integral package                     .... LIBINT
 Reset frequeny         DirectResetFreq ....    20
 Integral Threshold     Thresh          ....  3.000e-16 Eh
 Primitive CutOff       TCut            ....  3.000e-18 Eh

Convergence Tolerance:
 Convergence Check Mode ConvCheckMode   .... All-Criteria
 Convergence forced     ConvForced      .... 1
 Energy Change          TolE            ....  1.000e-14 Eh
 Max Density Change     TolMaxP         ....  1.000e-14
 RMS Density Change     TolRMSP         ....  1.000e-14
 Orbital Gradient       TolG            ....  1.000e-09
 Orbital Rotation angle TolX            ....  1.000e-09
 DIIS Error             TolErr          ....  1.000e-14


Diagonalization of the overlap matrix:
Smallest eigenvalue                        ... 3.384e-01
Time for diagonalization                   ...    0.000 sec
Threshold for overlap eigenvalues          ... 1.000e-08
Number of eigenvalues below threshold      ... 0
Time for construction of square roots      ...    0.000 sec
Total time needed                          ...    0.000 sec

-------------------
DFT GRID GENERATION
-------------------

General Integration Accuracy     IntAcc      ...  4.340
Radial Grid Type                 RadialGrid  ... Gauss-Chebyshev
Angular Grid (max. acc.)         AngularGrid ... Lebedev-110
Angular grid pruning method      GridPruning ... 3 (G Style)
Weight generation scheme         WeightScheme... Becke
Basis function cutoff            BFCut       ...    3.0000e-16
Integration weight cutoff        WCut        ...    1.0000e-14
Grids for H and He will be reduced by one unit

# of grid points (after initial pruning)     ...   3304 (   0.0 sec)
# of grid points (after weights+screening)   ...   3265 (   0.0 sec)
nearest neighbour list constructed           ...    0.0 sec
Grid point re-assignment to atoms done       ...    0.0 sec
Grid point division into batches done        ...    0.0 sec
Reduced shell lists constructed in    0.0 sec

Total number of grid points                  ...     3265
Total number of batches                      ...       53
Average number of points per batch           ...       61
Average number of grid points per atom       ...     1088
Average number of shells per batch           ...     4.69 (93.70%)
Average number of basis functions per batch  ...     6.65 (94.97%)
Average number of large shells per batch     ...     4.50 (96.05%)
Average number of large basis fcns per batch ...     6.46 (97.21%)
Maximum spatial batch extension              ...  20.98, 25.65, 17.09 au
Average spatial batch extension              ...   5.04,  5.79,  4.95 au

Time for grid setup =    0.011 sec

------------------------------
INITIAL GUESS: MODEL POTENTIAL
------------------------------
Loading Hartree-Fock densities                     ... done
Calculating cut-offs                               ... done
Setting up the integral package                    ... done
Initializing the effective Hamiltonian             ... done
Starting the Coulomb interaction                   ... done (   0.0 sec)
Reading the grid                                   ... done
Mapping shells                                     ... done
Starting the XC term evaluation                    ... done (   0.0 sec)
Transforming the Hamiltonian                       ... done (   0.0 sec)
Diagonalizing the Hamiltonian                      ... done (   0.0 sec)
Back transforming the eigenvectors                 ... done (   0.0 sec)
Now organizing SCF variables                       ... done
                      ------------------
                      INITIAL GUESS DONE (   0.1 sec)
                      ------------------
--------------
SCF ITERATIONS
--------------
ITER       Energy         Delta-E        Max-DP      RMS-DP      [F,P]     Damp
               ***  Starting incremental Fock matrix formation  ***
  0    -74.9013083088   0.000000000000 0.06747405  0.01815506  0.2104748 0.7000
  1    -74.9186976626  -0.017389353830 0.05727447  0.01556682  0.1556120 0.7000
                               ***Turning on DIIS***
  2    -74.9310607272  -0.012363064516 0.04136422  0.01127328  0.1087910 0.7000
  3    -75.0944320538  -0.163371326624 0.09531027  0.02605304  0.0750862 0.0000
  4    -74.9531890985   0.141242955247 0.00726482  0.00122281  0.0036437 0.0000
                      *** Initiating the SOSCF procedure ***
                           *** Shutting down DIIS ***
                      *** Re-Reading the Fockian *** 
                      *** Removing any level shift *** 
ITER      Energy       Delta-E        Grad      Rot      Max-DP    RMS-DP
  5    -74.95841029  -0.0052211962  0.001570  0.001570  0.003717  0.000666
               *** Restarting incremental Fock matrix formation ***
  6    -74.95931883  -0.0009085360  0.000327  0.000313  0.000989  0.000200
  7    -74.95931921  -0.0000003801  0.000135  0.000219  0.000615  0.000132
  8    -74.95931929  -0.0000000756  0.000013  0.000008  0.000021  0.000005
  9    -74.95931929  -0.0000000005  0.000004  0.000003  0.000007  0.000002
 10    -74.95931929  -0.0000000000  0.000000  0.000000  0.000000  0.000000
                          ***Energy convergence achieved***
                           ***RMSP convergence achieved***
                           ***MAXP convergence achieved***
                       ***Gradient convergence achieved***
                    ***Orbital Rotation convergence achieved***
              ***Rediagonalizing the Fockian in SOSCF/NRSCF***

               *****************************************************
               *                     SUCCESS                       *
               *           SCF CONVERGED AFTER  11 CYCLES          *
               *****************************************************


----------------
TOTAL SCF ENERGY
----------------

Total Energy       :          -74.95931929 Eh           -2039.74678 eV

Components:
Nuclear Repulsion  :            9.25147927 Eh             251.74555 eV
Electronic Energy  :          -84.21079856 Eh           -2291.49233 eV
One Electron Energy:         -122.50621280 Eh           -3333.56353 eV
Two Electron Energy:           38.29541424 Eh            1042.07120 eV

Virial components:
Potential Energy   :         -149.56618450 Eh           -4069.90279 eV
Kinetic Energy     :           74.60686522 Eh            2030.15601 eV
Virial Ratio       :            2.00472415


---------------
SCF CONVERGENCE
---------------

  Last Energy change         ...    0.0000e+00  Tolerance :   1.0000e-14
  Last MAX-Density change    ...    0.0000e+00  Tolerance :   1.0000e-14
  Last RMS-Density change    ...    0.0000e+00  Tolerance :   1.0000e-14
  Last Orbital Gradient      ...    6.6484e-10  Tolerance :   1.0000e-09
  Last Orbital Rotation      ...    0.0000e+00  Tolerance :   1.0000e-09

             **** THE GBW FILE WAS UPDATED (H2O_sto-3g_mp2.gbw) ****
             **** DENSITY FILE WAS UPDATED (H2O_sto-3g_mp2.scfp.tmp) ****
             **** ENERGY FILE WAS UPDATED (H2O_sto-3g_mp2.en.tmp) ****
----------------
ORBITAL ENERGIES
----------------

  NO   OCC          E(Eh)            E(eV) 
   0   2.0000     -20.233397      -550.5787 
   1   2.0000      -1.265715       -34.4418 
   2   2.0000      -0.629267       -17.1232 
   3   2.0000      -0.441668       -12.0184 
   4   2.0000      -0.387645       -10.5484 
   5   0.0000       0.602839        16.4041 
   6   0.0000       0.765918        20.8417 
-------
TIMINGS
-------

Total SCF time: 0 days 0 hours 0 min 1 sec 

Total time                  ....       1.043 sec
Sum of individual times     ....       1.041 sec  ( 99.8%)

Fock matrix formation       ....       0.938 sec  ( 89.9%)
Diagonalization             ....       0.000 sec  (  0.0%)
Density matrix formation    ....       0.000 sec  (  0.0%)
Population analysis         ....       0.000 sec  (  0.0%)
Initial guess               ....       0.091 sec  (  8.7%)
Orbital Transformation      ....       0.000 sec  (  0.0%)
Orbital Orthonormalization  ....       0.000 sec  (  0.0%)
DIIS solution               ....       0.000 sec  (  0.0%)
SOSCF solution              ....       0.000 sec  (  0.0%)

------------------------------------------------------------------------------
                                ORCA  MP2 
------------------------------------------------------------------------------


----------
MP2 ENERGY (disk based algorithm)
----------

Dimension of the basis                    ...    7
Memory devoted to MP2                     ...  256 MB   
Data format for buffers                   ... DOUBLE
Compression type for matrix containers    ... UNCOMPRESSED

-------------------------------
PARTIAL EXCHANGE TRANSFORMATION
-------------------------------

Transformation type                        ... one-operator
Generation of integrals (i,mue|j,nue)      ... ON
Generation of integrals (mue,kappa|nue,tau)... OFF
Generation of integrals (i,mue|a,nue)      ... OFF
Dimension of the basis                     ...    7
Number of internal MOs                     ...    5 (   0-   4)
Pair cutoff                                ... 3.000e-18 Eh
Number of AO pairs in the trafo            ...   28
Total Number of distinct AO pairs          ...   28
Memory devoted for trafo                   ...  256.0 MB 
Max. Number of MO pairs treated together   ... 684784      
Number Format for Storage                  ... Double (8 Byte)
Integral package used                      ... LIBINT

Starting integral evaluation:
    ... done with AO integral generation
Closing buffer AOK     ( 0.00 GB; CompressionRatio= 0.94)
Collecting buffer AOK 
Number of MO pairs included in the trafo   ...   15
------------------------
SORTING OF (i,mue|j,nue)
------------------------

IBATCH = 1 of  1
Closing buffer KAO     ( 0.00 GB; CompressionRatio= 0.97)
Collecting buffer KAO 
N(AO-Batches) Done                         ...       375 
N(AO-Batches) Skipped                      ...         0 
N(IJ)-pairs Skipped                        ...         0 
TOTAL TIME for half transformation         ...     0.002 sec
AO-integral generation                     ...     0.002 sec
Half transformation                        ...     0.000 sec
K-integral sorting                         ...     0.000 sec

Finished integral transformation - now doing MP2 part

OPERATOR COMBINATION   0   0: ij=(  0..  4,  0..  4)
  Internal MO   2
-----------------------------------------------
 MP2 CORRELATION ENERGY   :     -0.034258802 Eh
-----------------------------------------------


-------
TIMINGS
-------
Total time                :    0.068 sec
Integral trafo            :    0.003 sec (  3.7%)
K(i,j)                    :    0.000 sec (  0.0%)
T(i,j)                    :    0.000 sec (  0.0%)

---------------------------------------
MP2 TOTAL ENERGY:      -74.993578089 Eh
---------------------------------------

-------------------------   --------------------
FINAL SINGLE POINT ENERGY       -74.993578089020
-------------------------   --------------------


                            ***************************************
                            *     ORCA property calculations      *
                            ***************************************


  WARNING: The energy has been calculated at the MP2 level but the densities
           used in the property calculations are still SCF densities
           MP2 response densities have not been calculated 
           use %mp2 Density relaxed end
           or  %mp2 Density unrelaxed end

                                    ---------------------
                                    Active property flags
                                    ---------------------
   (+) Dipole Moment


------------------------------------------------------------------------------
                       ORCA ELECTRIC PROPERTIES CALCULATION
------------------------------------------------------------------------------

Dipole Moment Calculation                       ... on
Quadrupole Moment Calculation                   ... off
Polarizability Calculation                      ... off
GBWName                                         ... H2O_sto-3g_mp2.gbw
Electron density file                           ... H2O_sto-3g_mp2.scfp.tmp

-------------
DIPOLE MOMENT
-------------
                                X             Y             Z
Electronic contribution:     -0.19948       0.00000      -0.14058
Nuclear contribution   :      0.74580       0.00000       0.52688
                        -----------------------------------------
Total Dipole Moment    :      0.54631       0.00000       0.38630
                        -----------------------------------------
Magnitude (a.u.)       :      0.66910
Magnitude (Debye)      :      1.70071


Timings for individual modules:

Sum of individual times         ...        1.308 sec (=   0.022 min)
GTO integral calculation        ...        0.168 sec (=   0.003 min)  12.9 %
SCF iterations                  ...        1.056 sec (=   0.018 min)  80.8 %
MP2 module                      ...        0.083 sec (=   0.001 min)   6.4 %
                             ****ORCA TERMINATED NORMALLY****
TOTAL RUN TIME: 0 days 0 hours 0 minutes 1 seconds 395 msec
