
                                 *****************
                                 * O   R   C   A *
                                 *****************

           --- An Ab Initio, DFT and Semiempirical electronic structure package ---

                  #######################################################
                  #                        -***-                        #
                  #  Department of molecular theory and spectroscopy    #
                  #              Directorship: Frank Neese              #
                  # Max Planck Institute for Chemical Energy Conversion #
                  #                  D-45470 Muelheim/Ruhr              #
                  #                       Germany                       #
                  #                                                     #
                  #                  All rights reserved                #
                  #                        -***-                        #
                  #######################################################


                         Program Version 4.0.0 -  RELEASE  -


 With contributions from (in alphabetic order):
   Daniel Aravena         : Magnetic Properties
   Michael Atanasov       : Ab Initio Ligand Field Theory
   Ute Becker             : Parallelization
   Martin Brehm           : Molecular dynamics
   Dmytro Bykov           : SCF Hessian
   Vijay G. Chilkuri      : MRCI spin determinant printing
   Dipayan Datta          : RHF DLPNO-CCSD density
   Achintya Kumar Dutta   : EOM-CC, STEOM-CC
   Dmitry Ganyushin       : Spin-Orbit,Spin-Spin,Magnetic field MRCI
   Yang Guo               : DLPNO-NEVPT2, CIM, IAO-localization
   Andreas Hansen         : Spin unrestricted coupled pair/coupled cluster methods
   Lee Huntington         : MR-EOM, pCC
   Robert Izsak           : Overlap fitted RIJCOSX, COSX-SCS-MP3, EOM
   Christian Kollmar      : KDIIS, OOCD, Brueckner-CCSD(T), CCSD density
   Simone Kossmann        : Meta GGA functionals, TD-DFT gradient, OOMP2, MP2 Hessian
   Martin Krupicka        : AUTO-CI
   Dagmar Lenk            : GEPOL surface
   Dimitrios Liakos       : Extrapolation schemes; parallel MDCI
   Dimitrios Manganas     : ROCIS; embedding schemes
   Dimitrios Pantazis     : SARC Basis sets
   Taras Petrenko         : DFT Hessian,TD-DFT gradient, ASA, ECA, R-Raman, ABS, FL, XAS/XES, NRVS
   Peter Pinski           : DLPNO-MP2
   Christoph Reimann      : Effective Core Potentials
   Marius Retegan         : Local ZFS, SOC
   Christoph Riplinger    : Optimizer, TS searches, QM/MM, DLPNO-CCSD(T), (RO)-DLPNO pert. Triples
   Tobias Risthaus        : Range-separated hybrids, TD-DFT gradient, RPA, STAB
   Michael Roemelt        : Restricted open shell CIS
   Masaaki Saitow         : Open-shell DLPNO
   Barbara Sandhoefer     : DKH picture change effects
   Kantharuban Sivalingam : CASSCF convergence, NEVPT2, FIC-MRCI
   Georgi Stoychev        : AutoAux
   Boris Wezisla          : Elementary symmetry handling
   Frank Wennmohs         : Technical directorship


 We gratefully acknowledge several colleagues who have allowed us to
 interface, adapt or use parts of their codes:
   Stefan Grimme, W. Hujo, H. Kruse,             : VdW corrections, initial TS optimization,
                  C. Bannwarth                     DFT functionals, gCP, sTDA/sTD-DF
   Ed Valeev                                     : LibInt (2-el integral package), F12 methods
   Garnet Chan, S. Sharma, J. Yang, R. Olivares  : DMRG
   Ulf Ekstrom                                   : XCFun DFT Library
   Mihaly Kallay                                 : mrcc  (arbitrary order and MRCC methods)
   Jiri Pittner, Ondrej Demel                    : Mk-CCSD
   Frank Weinhold                                : gennbo (NPA and NBO analysis)
   Christopher J. Cramer and Donald G. Truhlar   : smd solvation model


 Your calculation uses the libint2 library for the computation of 2-el integrals
 For citations please refer to: http://libint.valeyev.net

 This ORCA versions uses:
   CBLAS   interface :  Fast vector & matrix operations
   LAPACKE interface :  Fast linear algebra routines
   SCALAPACK package :  Parallel linear algebra routines


Your calculation utilizes the basis: cc-pVDZ 
       H, B-Ne : Obtained from the ccRepo (grant-hill.group.shef.ac.uk/ccrepo) Feb. 2017
                 T. H. Dunning, Jr., J. Chem. Phys. 90, 1007 (1989)
            He : Obtained from the ccRepo (grant-hill.group.shef.ac.uk/ccrepo) Feb. 2017
                 D. E. Woon, T. H. Dunning, Jr., J. Chem. Phys. 100, 2975 (1994)
  Li-Be, Na-Mg : Obtained from the ccRepo (grant-hill.group.shef.ac.uk/ccrepo) Feb. 2017
                 B. P. Prascher, D. E. Woon, K. A. Peterson, T. H. Dunning, Jr., A. K. Wilson, Theor. Chem. Acc. 128, 69 (2011)
         Al-Ar : Obtained from the ccRepo (grant-hill.group.shef.ac.uk/ccrepo) Feb. 2017
                 D. E. Woon, T. H. Dunning, Jr., J. Chem. Phys. 98, 1358 (1993)
            Ca : Obtained from the Peterson Research Group Website (tyr0.chem.wsu.edu/~kipeters) Feb. 2017
                 J. Koput, K. A. Peterson, J. Phys. Chem. 106, 9595 (2002)
         Sc-Zn : Obtained from the ccRepo (grant-hill.group.shef.ac.uk/ccrepo) Feb. 2017
                 N. B. Balabanov, K. A. Peterson, J. Chem. Phys. 123, 064107 (2005)
                 N. B. Balabanov, K. A. Peterson, J. Chem. Phys. 125, 074110 (2006)
         Ga-Kr : Obtained from the ccRepo (grant-hill.group.shef.ac.uk/ccrepo) Feb. 2017
                 A. K. Wilson, D. E. Woon, K. A. Peterson, T. H. Dunning, Jr., J. Chem. Phys. 110, 7667 (1999)

================================================================================
                                        WARNINGS
                       Please study these warnings very carefully!
================================================================================

Warning: TCutStore was < 0. Adjusted to Thresh (uncritical)

WARNING: TCut can not be >=Thresh
  ===> : TCut is set to 0.01*Thresh

WARNING: Post HF methods need fully converged wavefunctions
  ===> : Setting SCFConvForced true
         You can overwrite this default with %scf ConvForced false 


INFO   : the flag for use of LIBINT has been found!

================================================================================
                                       INPUT FILE
================================================================================
NAME = Be_cc-pvdz.orca_mp2.in
|  1> ! bohrs extremescf nofrozencore nopop noprintmos largeprint mp2 cc-pvdz
|  2> * xyz 0 1
|  3> Be  0  0  0
|  4> *
|  5> 
|  6>                          ****END OF INPUT****
================================================================================

                       ****************************
                       * Single Point Calculation *
                       ****************************

---------------------------------
CARTESIAN COORDINATES (ANGSTROEM)
---------------------------------
  Be     0.000000    0.000000    0.000000

----------------------------
CARTESIAN COORDINATES (A.U.)
----------------------------
  NO LB      ZA    FRAG     MASS         X           Y           Z
   0 Be    4.0000    0     9.012    0.000000    0.000000    0.000000

--------------------------------
INTERNAL COORDINATES (ANGSTROEM)
--------------------------------
 Be     0   0   0     0.000000000000     0.00000000     0.00000000

---------------------------
INTERNAL COORDINATES (A.U.)
---------------------------
 Be     0   0   0     0.000000000000     0.00000000     0.00000000

---------------------
BASIS SET INFORMATION
---------------------
There are 1 groups of distinct atoms

 Group   1 Type Be  : 17s4p1d contracted to 3s2p1d pattern {881/31/1}

Atom   0Be   basis set group =>   1

-------------------------
BASIS SET IN INPUT FORMAT
-------------------------

 # Basis set for element : Be
 NewGTO Be
 S 8 
   1    2940.0000000000      0.0006795573
   2     441.2000000000      0.0052325911
   3     100.5000000000      0.0265886782
   4      28.4300000000      0.0999278996
   5       9.1690000000      0.2695264107
   6       3.1960000000      0.4511750714
   7       1.1590000000      0.2948818923
   8       0.1811000000      0.0125788052
 S 8 
   1    2940.0000000000     -0.0002515136
   2     441.2000000000     -0.0019753019
   3     100.5000000000     -0.0098785546
   4      28.4300000000     -0.0394937700
   5       9.1690000000     -0.1089483311
   6       3.1960000000     -0.2468575334
   7       1.1590000000     -0.2728513619
   8       0.1811000000      1.0853261799
 S 1 
   1       0.0589000000      1.0000000000
 P 3 
   1       3.6190000000      0.0455606790
   2       0.7110000000      0.2650676513
   3       0.1951000000      0.8035964108
 P 1 
   1       0.0601800000      1.0000000000
 D 1 
   1       0.2354000000      1.0000000000
  end;

------------------------------------------------------------------------------
                           ORCA GTO INTEGRAL CALCULATION
------------------------------------------------------------------------------

                         BASIS SET STATISTICS AND STARTUP INFO

 # of primitive gaussian shells          ...   22
 # of primitive gaussian functions       ...   34
 # of contracted shells                  ...    6
 # of contracted basis functions         ...   14
 Highest angular momentum                ...    2
 Maximum contraction depth               ...    8
 Integral package used                   ... LIBINT
 Integral threshhold            Thresh   ...  3.000e-16
 Primitive cut-off              TCut     ...  3.000e-18


------------------------------ INTEGRAL EVALUATION ----------------------------


 * One electron integrals 
 Pre-screening matrix                    ... done
 Shell pair data                         ... done (   0.000 sec)

-------------------------------------------------------------------------------
                                 ORCA SCF
-------------------------------------------------------------------------------

------------
SCF SETTINGS
------------
Hamiltonian:
 Ab initio Hamiltonian  Method          .... Hartree-Fock(GTOs)


General Settings:
 Integral files         IntName         .... Be_cc-pvdz.orca_mp2
 Hartree-Fock type      HFTyp           .... RHF
 Total Charge           Charge          ....    0
 Multiplicity           Mult            ....    1
 Number of Electrons    NEL             ....    4
 Basis Dimension        Dim             ....   14
 Nuclear Repulsion      ENuc            ....      0.0000000000 Eh

Convergence Acceleration:
 DIIS                   CNVDIIS         .... on
   Start iteration      DIISMaxIt       ....    12
   Startup error        DIISStart       ....  0.200000
   # of expansion vecs  DIISMaxEq       ....     5
   Bias factor          DIISBfac        ....   1.050
   Max. coefficient     DIISMaxC        ....  10.000
 Newton-Raphson         CNVNR           .... off
 SOSCF                  CNVSOSCF        .... on
   Start iteration      SOSCFMaxIt      ....   150
   Startup grad/error   SOSCFStart      ....  0.003300
 Level Shifting         CNVShift        .... on
   Level shift para.    LevelShift      ....    0.2500
   Turn off err/grad.   ShiftErr        ....    0.0010
 Zerner damping         CNVZerner       .... off
 Static damping         CNVDamp         .... on
   Fraction old density DampFac         ....    0.7000
   Max. Damping (<1)    DampMax         ....    0.9800
   Min. Damping (>=0)   DampMin         ....    0.0000
   Turn off err/grad.   DampErr         ....    0.1000
 Fernandez-Rico         CNVRico         .... off

SCF Procedure:
 Maximum # iterations   MaxIter         ....   125
 SCF integral mode      SCFMode         .... Direct
   Integral package                     .... LIBINT
 Reset frequeny         DirectResetFreq ....    20
 Integral Threshold     Thresh          ....  3.000e-16 Eh
 Primitive CutOff       TCut            ....  3.000e-18 Eh

Convergence Tolerance:
 Convergence Check Mode ConvCheckMode   .... All-Criteria
 Convergence forced     ConvForced      .... 1
 Energy Change          TolE            ....  1.000e-14 Eh
 Max Density Change     TolMaxP         ....  1.000e-14
 RMS Density Change     TolRMSP         ....  1.000e-14
 Orbital Gradient       TolG            ....  1.000e-09
 Orbital Rotation angle TolX            ....  1.000e-09
 DIIS Error             TolErr          ....  1.000e-14


Diagonalization of the overlap matrix:
Smallest eigenvalue                        ... 1.674e-01
Time for diagonalization                   ...    0.000 sec
Threshold for overlap eigenvalues          ... 1.000e-08
Number of eigenvalues below threshold      ... 0
Time for construction of square roots      ...    0.000 sec
Total time needed                          ...    0.000 sec

-------------------
DFT GRID GENERATION
-------------------

General Integration Accuracy     IntAcc      ...  4.340
Radial Grid Type                 RadialGrid  ... Gauss-Chebyshev
Angular Grid (max. acc.)         AngularGrid ... Lebedev-110
Angular grid pruning method      GridPruning ... 3 (G Style)
Weight generation scheme         WeightScheme... Becke
Basis function cutoff            BFCut       ...    3.0000e-16
Integration weight cutoff        WCut        ...    1.0000e-14
Grids for H and He will be reduced by one unit

# of grid points (after initial pruning)     ...   1678 (   0.0 sec)
# of grid points (after weights+screening)   ...   1678 (   0.0 sec)
Grid point division into batches done        ...    0.0 sec
Reduced shell lists constructed in    0.0 sec

Total number of grid points                  ...     1678
Total number of batches                      ...       27
Average number of points per batch           ...       62
Average number of grid points per atom       ...     1678
Average number of shells per batch           ...     5.79 (96.43%)
Average number of basis functions per batch  ...    13.50 (96.43%)
Average number of large shells per batch     ...     5.79 (100.00%)
Average number of large basis fcns per batch ...    13.50 (100.00%)
Maximum spatial batch extension              ...  21.83, 39.91, 39.91 au
Average spatial batch extension              ...  10.55, 12.37, 14.01 au

Time for grid setup =    0.008 sec

------------------------------
INITIAL GUESS: MODEL POTENTIAL
------------------------------
Loading Hartree-Fock densities                     ... done
Calculating cut-offs                               ... done
Setting up the integral package                    ... done
Initializing the effective Hamiltonian             ... done
Starting the Coulomb interaction                   ... done (   0.0 sec)
Reading the grid                                   ... done
Mapping shells                                     ... done
Starting the XC term evaluation                    ... done (   0.0 sec)
Transforming the Hamiltonian                       ... done (   0.0 sec)
Diagonalizing the Hamiltonian                      ... done (   0.0 sec)
Back transforming the eigenvectors                 ... done (   0.0 sec)
Now organizing SCF variables                       ... done
                      ------------------
                      INITIAL GUESS DONE (   0.1 sec)
                      ------------------
----------------------
INITIAL GUESS ORBITALS
----------------------
                      0         1         2         3         4         5   
                  -3.83603  -0.20747  -0.07714  -0.07714  -0.07714   0.16600
                   2.00000   2.00000   0.00000   0.00000   0.00000   0.00000
                  --------  --------  --------  --------  --------  --------
  0Be  1s         1.007362  0.009930 -0.000000 -0.000000 -0.000000  0.000000
  0Be  2s         0.025231 -0.499509 -0.000000 -0.000000 -0.000000  0.000000
  0Be  3s        -0.013852 -0.569817  0.000000  0.000000  0.000000 -0.000000
  0Be  1pz        0.000000  0.000000  0.492081 -0.230439  0.207906 -0.171388
  0Be  1px        0.000000  0.000000  0.175544  0.528042  0.169787 -1.079913
  0Be  1py        0.000000  0.000000 -0.255952 -0.080876  0.516158 -0.050341
  0Be  2pz       -0.000000 -0.000000  0.456083 -0.213582  0.192697  0.174767
  0Be  2px       -0.000000  0.000000  0.162702  0.489413  0.157366  1.101205
  0Be  2py       -0.000000 -0.000000 -0.237228 -0.074960  0.478398  0.051333
  0Be  1dz2      -0.000000 -0.000000 -0.000000  0.000000  0.000000 -0.000000
  0Be  1dxz       0.000000 -0.000000 -0.000000 -0.000000 -0.000000  0.000000
  0Be  1dyz       0.000000  0.000000  0.000000 -0.000000 -0.000000  0.000000
  0Be  1dx2y2     0.000000  0.000000  0.000000 -0.000000 -0.000000  0.000000
  0Be  1dxy       0.000000  0.000000  0.000000  0.000000  0.000000  0.000000
                      6         7         8         9        10        11   
                   0.16600   0.16600   0.17183   0.43880   0.43880   0.43880
                   0.00000   0.00000   0.00000   0.00000   0.00000   0.00000
                  --------  --------  --------  --------  --------  --------
  0Be  1s        -0.000000  0.000000  0.611752  0.000000  0.000000  0.000000
  0Be  2s        -0.000000  0.000000  1.674692  0.000000  0.000000  0.000000
  0Be  3s         0.000000 -0.000000 -1.643111 -0.000000 -0.000000  0.000000
  0Be  1pz       -0.079274 -1.078175  0.000000 -0.000000  0.000000  0.000000
  0Be  1px        0.063386  0.167003  0.000000  0.000000  0.000000  0.000000
  0Be  1py       -1.089871  0.088136 -0.000000  0.000000  0.000000  0.000000
  0Be  2pz        0.080837  1.099433 -0.000000  0.000000 -0.000000  0.000000
  0Be  2px       -0.064636 -0.170296 -0.000000 -0.000000 -0.000000  0.000000
  0Be  2py        1.111359 -0.089874  0.000000 -0.000000 -0.000000  0.000000
  0Be  1dz2       0.000000  0.000000  0.000000  0.000000  0.000000  0.000000
  0Be  1dxz       0.000000  0.000000  0.000000  0.327863  0.944725  0.000000
  0Be  1dyz       0.000000 -0.000000 -0.000000  0.944725 -0.327863  0.000000
  0Be  1dx2y2    -0.000000  0.000000  0.000000  0.000000  0.000000  0.000000
  0Be  1dxy       0.000000  0.000000  0.000000  0.000000  0.000000  1.000000
                     12        13   
                   0.43881   0.43881
                   0.00000   0.00000
                  --------  --------
  0Be  1s         0.000000  0.000000
  0Be  2s        -0.000000 -0.000000
  0Be  3s         0.000000  0.000000
  0Be  1pz        0.000000  0.000000
  0Be  1px       -0.000000 -0.000000
  0Be  1py        0.000000 -0.000000
  0Be  2pz        0.000000 -0.000000
  0Be  2px        0.000000  0.000000
  0Be  2py       -0.000000  0.000000
  0Be  1dz2       0.622700  0.782461
  0Be  1dxz      -0.000000 -0.000000
  0Be  1dyz      -0.000000 -0.000000
  0Be  1dx2y2    -0.782461  0.622700
  0Be  1dxy       0.000000  0.000000
--------------
SCF ITERATIONS
--------------
               ***  Starting incremental Fock matrix formation  ***

                         ----------------------------
                         !        ITERATION     0   !
                         ----------------------------
   Total Energy        :     -14.571175171763 Eh
   Energy Change       :     -14.571175171763 Eh
   MAX-DP              :       0.010498816019
   RMS-DP              :       0.001130702638
   Actual Damping      :       0.7000
   Actual Level Shift  :       0.2500 Eh


                         ----------------------------
                         !        ITERATION     1   !
                         ----------------------------
   Total Energy        :     -14.571503481865 Eh
   Energy Change       :      -0.000328310102 Eh
   MAX-DP              :       0.008214310607
   RMS-DP              :       0.000901309586
   Actual Damping      :       0.7000
   Actual Level Shift  :       0.2500 Eh

                               ***Turning on DIIS***

                         ----------------------------
                         !        ITERATION     2   !
                         ----------------------------
   Total Energy        :     -14.571743361097 Eh
   Energy Change       :      -0.000239879232 Eh
   MAX-DP              :       0.020071368717
   RMS-DP              :       0.002242090869
   Actual Damping      :       0.0000
   Actual Level Shift  :       0.2500 Eh
   DIIS-Error          :       0.017478846441

                      *** Initiating the SOSCF procedure ***
                           *** Shutting down DIIS ***
                      *** Re-Reading the Fockian *** 
                      *** Removing any level shift *** 

                         ----------------------------
                         !        ITERATION     3   !
                         ----------------------------
   Total Energy        :     -14.572380801381 Eh
   Energy Change       :      -0.000637440284 Eh
   MAX-DP              :       0.002906680890
   RMS-DP              :       0.000301326023
   Orbital gradient    :       0.001933605925
   Orbital Rotation    :       0.001933605925
   Actual Damping      :       0.0000

               *** Restarting incremental Fock matrix formation ***

                         ----------------------------
                         !        ITERATION     4   !
                         ----------------------------
   Total Energy        :     -14.572337310563 Eh
   Energy Change       :       0.000043490818 Eh
   MAX-DP              :       0.001694644188
   RMS-DP              :       0.000157724184
   Orbital gradient    :       0.000271045416
   Orbital Rotation    :       0.000445947213
   Actual Damping      :       0.0000


                         ----------------------------
                         !        ITERATION     5   !
                         ----------------------------
   Total Energy        :     -14.572337613251 Eh
   Energy Change       :      -0.000000302688 Eh
   MAX-DP              :       0.000523765057
   RMS-DP              :       0.000048689174
   Orbital gradient    :       0.000064004378
   Orbital Rotation    :       0.000137707967
   Actual Damping      :       0.0000


                         ----------------------------
                         !        ITERATION     6   !
                         ----------------------------
   Total Energy        :     -14.572337630929 Eh
   Energy Change       :      -0.000000017679 Eh
   MAX-DP              :       0.000000774222
   RMS-DP              :       0.000000085223
   Orbital gradient    :       0.000001100941
   Orbital Rotation    :       0.000000218358
   Actual Damping      :       0.0000


                         ----------------------------
                         !        ITERATION     7   !
                         ----------------------------
   Total Energy        :     -14.572337630930 Eh
   Energy Change       :      -0.000000000001 Eh
   MAX-DP              :       0.000000052877
   RMS-DP              :       0.000000005785
   Orbital gradient    :       0.000000073104
   Orbital Rotation    :       0.000000015535
   Actual Damping      :       0.0000

                          ***Energy convergence achieved***
                           ***RMSP convergence achieved***
                           ***MAXP convergence achieved***
                       ***Gradient convergence achieved***
                    ***Orbital Rotation convergence achieved***
              ***Rediagonalizing the Fockian in SOSCF/NRSCF***

               *****************************************************
               *                     SUCCESS                       *
               *           SCF CONVERGED AFTER   8 CYCLES          *
               *****************************************************


----------------
TOTAL SCF ENERGY
----------------

Total Energy       :          -14.57233763 Eh            -396.53347 eV

Components:
Nuclear Repulsion  :            0.00000000 Eh               0.00000 eV
Electronic Energy  :          -14.57233763 Eh            -396.53347 eV
One Electron Energy:          -19.06194585 Eh            -518.70192 eV
Two Electron Energy:            4.48960822 Eh             122.16845 eV

Virial components:
Potential Energy   :          -29.14469121 Eh            -793.06737 eV
Kinetic Energy     :           14.57235358 Eh             396.53390 eV
Virial Ratio       :            1.99999891


---------------
SCF CONVERGENCE
---------------

  Last Energy change         ...    3.5527e-15  Tolerance :   1.0000e-14
  Last MAX-Density change    ...    0.0000e+00  Tolerance :   1.0000e-14
  Last RMS-Density change    ...    0.0000e+00  Tolerance :   1.0000e-14
  Last Orbital Gradient      ...    3.1336e-13  Tolerance :   1.0000e-09
  Last Orbital Rotation      ...    0.0000e+00  Tolerance :   1.0000e-09

             **** THE GBW FILE WAS UPDATED (Be_cc-pvdz.orca_mp2.gbw) ****
             **** DENSITY FILE WAS UPDATED (Be_cc-pvdz.orca_mp2.scfp.tmp) ****
             **** ENERGY FILE WAS UPDATED (Be_cc-pvdz.orca_mp2.en.tmp) ****
----------------
ORBITAL ENERGIES
----------------

  NO   OCC          E(Eh)            E(eV) 
   0   2.0000      -4.732326      -128.7731 
   1   2.0000      -0.309039        -8.4094 
   2   0.0000       0.058259         1.5853 
   3   0.0000       0.058259         1.5853 
   4   0.0000       0.058259         1.5853 
   5   0.0000       0.298823         8.1314 
   6   0.0000       0.350180         9.5289 
   7   0.0000       0.350180         9.5289 
   8   0.0000       0.350180         9.5289 
   9   0.0000       0.644274        17.5316 
  10   0.0000       0.644274        17.5316 
  11   0.0000       0.644274        17.5316 
  12   0.0000       0.644274        17.5316 
  13   0.0000       0.644274        17.5316 
-------
DENSITY
-------
                  0          1          2          3          4          5    
      0       2.002606   0.000001  -0.007515  -0.000000  -0.000000  -0.000000
      1       0.000001   0.478320   0.567400  -0.000000  -0.000000   0.000000
      2      -0.007515   0.567400   0.673097  -0.000000  -0.000000   0.000000
      3      -0.000000  -0.000000  -0.000000   0.000000   0.000000  -0.000000
      4      -0.000000  -0.000000  -0.000000   0.000000   0.000000  -0.000000
      5      -0.000000   0.000000   0.000000  -0.000000  -0.000000   0.000000
      6       0.000000  -0.000000  -0.000000   0.000000   0.000000  -0.000000
      7       0.000000  -0.000000  -0.000000   0.000000   0.000000  -0.000000
      8       0.000000  -0.000000  -0.000000   0.000000   0.000000  -0.000000
      9      -0.000000  -0.000000  -0.000000   0.000000   0.000000  -0.000000
     10       0.000000   0.000000   0.000000  -0.000000  -0.000000   0.000000
     11       0.000000  -0.000000  -0.000000   0.000000   0.000000  -0.000000
     12       0.000000  -0.000000  -0.000000   0.000000  -0.000000  -0.000000
     13       0.000000  -0.000000  -0.000000   0.000000   0.000000  -0.000000
                  6          7          8          9         10         11    
      0       0.000000   0.000000   0.000000  -0.000000   0.000000   0.000000
      1      -0.000000  -0.000000  -0.000000  -0.000000   0.000000  -0.000000
      2      -0.000000  -0.000000  -0.000000  -0.000000   0.000000  -0.000000
      3       0.000000   0.000000   0.000000   0.000000  -0.000000   0.000000
      4       0.000000   0.000000   0.000000   0.000000  -0.000000   0.000000
      5      -0.000000  -0.000000  -0.000000  -0.000000   0.000000  -0.000000
      6       0.000000   0.000000   0.000000   0.000000  -0.000000   0.000000
      7       0.000000   0.000000   0.000000   0.000000  -0.000000   0.000000
      8       0.000000   0.000000   0.000000   0.000000  -0.000000   0.000000
      9       0.000000   0.000000   0.000000   0.000000  -0.000000   0.000000
     10      -0.000000  -0.000000  -0.000000  -0.000000   0.000000  -0.000000
     11       0.000000   0.000000   0.000000   0.000000  -0.000000   0.000000
     12       0.000000   0.000000   0.000000   0.000000  -0.000000   0.000000
     13       0.000000   0.000000   0.000000   0.000000  -0.000000   0.000000
                  12         13    
      0       0.000000   0.000000
      1      -0.000000  -0.000000
      2      -0.000000  -0.000000
      3       0.000000   0.000000
      4      -0.000000   0.000000
      5      -0.000000  -0.000000
      6       0.000000   0.000000
      7       0.000000   0.000000
      8       0.000000   0.000000
      9       0.000000   0.000000
     10      -0.000000  -0.000000
     11       0.000000   0.000000
     12       0.000000   0.000000
     13       0.000000   0.000000


--------------------------
ATOM BASIS FOR ELEMENT Be
--------------------------
 NewGTO Be
 S 9
    1       2940.000000000000         0.000679999806
    2        441.200000000000         0.005235998509
    3        100.500000000000         0.026605992426
    4         28.430000000000         0.099992971535
    5          9.169000000000         0.269701923223
    6          3.196000000000         0.451468871479
    7          1.159000000000         0.295073916000
    8          0.181100000000         0.012586996417
    9          0.058900000000        -0.003755966093
 S 16
    1       2940.000000000000        -0.000000000973
    2        441.200000000000        -0.000000007495
    3        100.500000000000        -0.000000038086
    4         28.430000000000        -0.000000143136
    5          9.169000000000        -0.000000386069
    6          3.196000000000        -0.000000646262
    7          1.159000000000        -0.000000422388
    8       2940.000000000000         0.000123000240
    9        441.200000000000         0.000966001888
   10        100.500000000000         0.004831009444
   11         28.430000000000         0.019314037755
   12          9.169000000000         0.053280104152
   13          3.196000000000         0.120723235990
   14          1.159000000000         0.133435260840
   15          0.181100000000        -0.530768037547
   16          0.058900000000        -0.580115671850
 end
-------------------------------------------
RADIAL EXPECTATION VALUES <R**-3> TO <R**3>
-------------------------------------------
   0 :     0.000000    27.721448     3.681853     0.414933     0.232865     0.165414
   1 :     0.000000     1.053068     0.522435     2.645763     8.380644    30.947925
   2 :     0.109926     0.150258     0.332100     3.716659    16.091040    78.294496
   3 :     0.109926     0.150258     0.332100     3.716659    16.091040    78.294496
   4 :     0.109926     0.150258     0.332100     3.716659    16.091040    78.294496
   5 :     0.000000     0.478817     0.395315     3.829802    17.866194    92.396228
   6 :     0.605143     0.455039     0.535270     3.071275    13.679642    73.989416
   7 :     0.605143     0.455039     0.535270     3.071275    13.679642    73.989416
   8 :     0.605143     0.455039     0.535270     3.071275    13.679642    73.989416
   9 :     0.097203     0.188320     0.412926     2.631218     7.434155   111.776461
  10 :     0.097203     0.188320     0.412926     2.631218     7.434155   111.776461
  11 :     0.097203     0.188320     0.412926     2.631218     7.434155   111.776461
  12 :     0.097203     0.188320     0.412926     2.631218     7.434155   111.776461
  13 :     0.097203     0.188320     0.412926     2.631218     7.434155   111.776461
-------
TIMINGS
-------

Total SCF time: 0 days 0 hours 0 min 0 sec 

Total time                  ....       0.913 sec
Sum of individual times     ....       0.911 sec  ( 99.7%)

Fock matrix formation       ....       0.817 sec  ( 89.4%)
Diagonalization             ....       0.001 sec  (  0.1%)
Density matrix formation    ....       0.000 sec  (  0.0%)
Population analysis         ....       0.000 sec  (  0.0%)
Initial guess               ....       0.085 sec  (  9.4%)
Orbital Transformation      ....       0.000 sec  (  0.0%)
Orbital Orthonormalization  ....       0.000 sec  (  0.0%)
DIIS solution               ....       0.000 sec  (  0.0%)
SOSCF solution              ....       0.001 sec  (  0.1%)

------------------------------------------------------------------------------
                                ORCA  MP2 
------------------------------------------------------------------------------


----------
MP2 ENERGY (disk based algorithm)
----------

Dimension of the basis                    ...   14
Memory devoted to MP2                     ...  256 MB   
Data format for buffers                   ... DOUBLE
Compression type for matrix containers    ... UNCOMPRESSED

-------------------------------
PARTIAL EXCHANGE TRANSFORMATION
-------------------------------

Transformation type                        ... one-operator
Generation of integrals (i,mue|j,nue)      ... ON
Generation of integrals (mue,kappa|nue,tau)... OFF
Generation of integrals (i,mue|a,nue)      ... OFF
Dimension of the basis                     ...   14
Number of internal MOs                     ...    2 (   0-   1)
Pair cutoff                                ... 3.000e-18 Eh
Number of AO pairs in the trafo            ...  105
Total Number of distinct AO pairs          ...  105
Memory devoted for trafo                   ...  256.0 MB 
Max. Number of MO pairs treated together   ... 171196      
Number Format for Storage                  ... Double (8 Byte)
Integral package used                      ... LIBINT

Starting integral evaluation:
    ... done with AO integral generation
Closing buffer AOK     ( 0.00 GB; CompressionRatio= 0.73)
Collecting buffer AOK 
Number of MO pairs included in the trafo   ...    3
------------------------
SORTING OF (i,mue|j,nue)
------------------------

IBATCH = 1 of  1
Closing buffer KAO     ( 0.00 GB; CompressionRatio= 0.99)
Collecting buffer KAO 
N(AO-Batches) Done                         ...       510 
N(AO-Batches) Skipped                      ...       246 
N(IJ)-pairs Skipped                        ...         0 
TOTAL TIME for half transformation         ...     0.013 sec
AO-integral generation                     ...     0.013 sec
Half transformation                        ...     0.000 sec
K-integral sorting                         ...     0.000 sec

Finished integral transformation - now doing MP2 part

OPERATOR COMBINATION   0   0: ij=(  0..  1,  0..  1)
-----------------------------------------------
 MP2 CORRELATION ENERGY   :     -0.026331169 Eh
-----------------------------------------------


-------
TIMINGS
-------
Total time                :    0.081 sec
Integral trafo            :    0.013 sec ( 16.5%)
K(i,j)                    :    0.000 sec (  0.0%)
T(i,j)                    :    0.000 sec (  0.0%)

---------------------------------------
MP2 TOTAL ENERGY:      -14.598668800 Eh
---------------------------------------

-------------------------   --------------------
FINAL SINGLE POINT ENERGY       -14.598668800428
-------------------------   --------------------


                            ***************************************
                            *     ORCA property calculations      *
                            ***************************************


  WARNING: The energy has been calculated at the MP2 level but the densities
           used in the property calculations are still SCF densities
           MP2 response densities have not been calculated 
           use %mp2 Density relaxed end
           or  %mp2 Density unrelaxed end

                                    ---------------------
                                    Active property flags
                                    ---------------------
   (+) Dipole Moment


------------------------------------------------------------------------------
                       ORCA ELECTRIC PROPERTIES CALCULATION
------------------------------------------------------------------------------

Dipole Moment Calculation                       ... on
Quadrupole Moment Calculation                   ... off
Polarizability Calculation                      ... off
GBWName                                         ... Be_cc-pvdz.orca_mp2.gbw
Electron density file                           ... Be_cc-pvdz.orca_mp2.scfp.tmp

-------------
DIPOLE MOMENT
-------------
                                X             Y             Z
Electronic contribution:      0.00000      -0.00000       0.00000
Nuclear contribution   :      0.00000       0.00000       0.00000
                        -----------------------------------------
Total Dipole Moment    :      0.00000      -0.00000       0.00000
                        -----------------------------------------
Magnitude (a.u.)       :      0.00000
Magnitude (Debye)      :      0.00000


Timings for individual modules:

Sum of individual times         ...        1.214 sec (=   0.020 min)
GTO integral calculation        ...        0.187 sec (=   0.003 min)  15.4 %
SCF iterations                  ...        0.928 sec (=   0.015 min)  76.5 %
MP2 module                      ...        0.099 sec (=   0.002 min)   8.2 %
                             ****ORCA TERMINATED NORMALLY****
TOTAL RUN TIME: 0 days 0 hours 0 minutes 1 seconds 307 msec
