
                                 *****************
                                 * O   R   C   A *
                                 *****************

           --- An Ab Initio, DFT and Semiempirical electronic structure package ---

                  #######################################################
                  #                        -***-                        #
                  #  Department of molecular theory and spectroscopy    #
                  #              Directorship: Frank Neese              #
                  # Max Planck Institute for Chemical Energy Conversion #
                  #                  D-45470 Muelheim/Ruhr              #
                  #                       Germany                       #
                  #                                                     #
                  #                  All rights reserved                #
                  #                        -***-                        #
                  #######################################################


                         Program Version 4.0.0 -  RELEASE  -


 With contributions from (in alphabetic order):
   Daniel Aravena         : Magnetic Properties
   Michael Atanasov       : Ab Initio Ligand Field Theory
   Ute Becker             : Parallelization
   Martin Brehm           : Molecular dynamics
   Dmytro Bykov           : SCF Hessian
   Vijay G. Chilkuri      : MRCI spin determinant printing
   Dipayan Datta          : RHF DLPNO-CCSD density
   Achintya Kumar Dutta   : EOM-CC, STEOM-CC
   Dmitry Ganyushin       : Spin-Orbit,Spin-Spin,Magnetic field MRCI
   Yang Guo               : DLPNO-NEVPT2, CIM, IAO-localization
   Andreas Hansen         : Spin unrestricted coupled pair/coupled cluster methods
   Lee Huntington         : MR-EOM, pCC
   Robert Izsak           : Overlap fitted RIJCOSX, COSX-SCS-MP3, EOM
   Christian Kollmar      : KDIIS, OOCD, Brueckner-CCSD(T), CCSD density
   Simone Kossmann        : Meta GGA functionals, TD-DFT gradient, OOMP2, MP2 Hessian
   Martin Krupicka        : AUTO-CI
   Dagmar Lenk            : GEPOL surface
   Dimitrios Liakos       : Extrapolation schemes; parallel MDCI
   Dimitrios Manganas     : ROCIS; embedding schemes
   Dimitrios Pantazis     : SARC Basis sets
   Taras Petrenko         : DFT Hessian,TD-DFT gradient, ASA, ECA, R-Raman, ABS, FL, XAS/XES, NRVS
   Peter Pinski           : DLPNO-MP2
   Christoph Reimann      : Effective Core Potentials
   Marius Retegan         : Local ZFS, SOC
   Christoph Riplinger    : Optimizer, TS searches, QM/MM, DLPNO-CCSD(T), (RO)-DLPNO pert. Triples
   Tobias Risthaus        : Range-separated hybrids, TD-DFT gradient, RPA, STAB
   Michael Roemelt        : Restricted open shell CIS
   Masaaki Saitow         : Open-shell DLPNO
   Barbara Sandhoefer     : DKH picture change effects
   Kantharuban Sivalingam : CASSCF convergence, NEVPT2, FIC-MRCI
   Georgi Stoychev        : AutoAux
   Boris Wezisla          : Elementary symmetry handling
   Frank Wennmohs         : Technical directorship


 We gratefully acknowledge several colleagues who have allowed us to
 interface, adapt or use parts of their codes:
   Stefan Grimme, W. Hujo, H. Kruse,             : VdW corrections, initial TS optimization,
                  C. Bannwarth                     DFT functionals, gCP, sTDA/sTD-DF
   Ed Valeev                                     : LibInt (2-el integral package), F12 methods
   Garnet Chan, S. Sharma, J. Yang, R. Olivares  : DMRG
   Ulf Ekstrom                                   : XCFun DFT Library
   Mihaly Kallay                                 : mrcc  (arbitrary order and MRCC methods)
   Jiri Pittner, Ondrej Demel                    : Mk-CCSD
   Frank Weinhold                                : gennbo (NPA and NBO analysis)
   Christopher J. Cramer and Donald G. Truhlar   : smd solvation model


 Your calculation uses the libint2 library for the computation of 2-el integrals
 For citations please refer to: http://libint.valeyev.net

 This ORCA versions uses:
   CBLAS   interface :  Fast vector & matrix operations
   LAPACKE interface :  Fast linear algebra routines
   SCALAPACK package :  Parallel linear algebra routines


Your calculation utilizes the basis: STO-3G
   H-Ne       : W. J. Hehre, R. F. Stewart and J. A. Pople, J. Chem. Phys. 2657 (1969).
   Na-Ar      : W. J. Hehre, R. Ditchfield, R. F. Stewart and J. A. Pople, J. Chem. Phys. 2769 (1970).
   K,Ca,Ga-Kr : W. J. Pietro, B. A. Levy, W. J. Hehre and R. F. Stewart, J. Am. Chem. Soc. 19, 2225 (1980).
   Sc-Zn,Y-Cd : W. J. Pietro and W. J. Hehre, J. Comp. Chem. 4, 241 (1983).

================================================================================
                                        WARNINGS
                       Please study these warnings very carefully!
================================================================================

Warning: TCutStore was < 0. Adjusted to Thresh (uncritical)

WARNING: TCut can not be >=Thresh
  ===> : TCut is set to 0.01*Thresh

INFO   : the flag for use of LIBINT has been found!

================================================================================
                                       INPUT FILE
================================================================================
NAME = h2o_sto3g.orca_hf.in
|  1> ! bohrs extremescf nofrozencore nopop noprintmos largeprint hf sto-3g
|  2> * xyz 0 1
|  3> O  0  0  0
|  4> H  0  0  1.795239827225189
|  5> H  1.693194615993441  0  -0.599043184453037
|  6> *
|  7> 
|  8>                          ****END OF INPUT****
================================================================================

                       ****************************
                       * Single Point Calculation *
                       ****************************

---------------------------------
CARTESIAN COORDINATES (ANGSTROEM)
---------------------------------
  O      0.000000    0.000000    0.000000
  H      0.000000    0.000000    0.950000
  H      0.896000    0.000000   -0.317000

----------------------------
CARTESIAN COORDINATES (A.U.)
----------------------------
  NO LB      ZA    FRAG     MASS         X           Y           Z
   0 O     8.0000    0    15.999    0.000000    0.000000    0.000000
   1 H     1.0000    0     1.008    0.000000    0.000000    1.795240
   2 H     1.0000    0     1.008    1.693195    0.000000   -0.599043

--------------------------------
INTERNAL COORDINATES (ANGSTROEM)
--------------------------------
 O      0   0   0     0.000000000000     0.00000000     0.00000000
 H      1   0   0     0.950000000000     0.00000000     0.00000000
 H      1   2   0     0.950423589775   109.48350658     0.00000000

---------------------------
INTERNAL COORDINATES (A.U.)
---------------------------
 O      0   0   0     0.000000000000     0.00000000     0.00000000
 H      1   0   0     1.795239827225     0.00000000     0.00000000
 H      1   2   0     1.796040295892   109.48350658     0.00000000

---------------------
BASIS SET INFORMATION
---------------------
There are 2 groups of distinct atoms

 Group   1 Type O   : 6s3p contracted to 2s1p pattern {33/3}
 Group   2 Type H   : 3s contracted to 1s pattern {3}

Atom   0O    basis set group =>   1
Atom   1H    basis set group =>   2
Atom   2H    basis set group =>   2

-------------------------
BASIS SET IN INPUT FORMAT
-------------------------

 # Basis set for element : H 
 NewGTO H 
 S 3 
   1       3.4252509100      0.1543289707
   2       0.6239137300      0.5353281424
   3       0.1688554000      0.4446345420
  end;

 # Basis set for element : O 
 NewGTO O 
 S 3 
   1     130.7093200000      0.1543289687
   2      23.8088610000      0.5353281356
   3       6.4436083000      0.4446345363
 S 3 
   1       5.0331513000     -0.0999672287
   2       1.1695961000      0.3995128246
   3       0.3803890000      0.7001154606
 P 3 
   1       5.0331513000      0.1559162685
   2       1.1695961000      0.6076837141
   3       0.3803890000      0.3919573862
  end;

------------------------------------------------------------------------------
                           ORCA GTO INTEGRAL CALCULATION
------------------------------------------------------------------------------

                         BASIS SET STATISTICS AND STARTUP INFO

 # of primitive gaussian shells          ...   15
 # of primitive gaussian functions       ...   21
 # of contracted shells                  ...    5
 # of contracted basis functions         ...    7
 Highest angular momentum                ...    1
 Maximum contraction depth               ...    3
 Integral package used                   ... LIBINT
 Integral threshhold            Thresh   ...  3.000e-16
 Primitive cut-off              TCut     ...  3.000e-18


------------------------------ INTEGRAL EVALUATION ----------------------------


 * One electron integrals 
 Pre-screening matrix                    ... done
 Shell pair data                         ... done (   0.000 sec)

-------------------------------------------------------------------------------
                                 ORCA SCF
-------------------------------------------------------------------------------

------------
SCF SETTINGS
------------
Hamiltonian:
 Ab initio Hamiltonian  Method          .... Hartree-Fock(GTOs)


General Settings:
 Integral files         IntName         .... h2o_sto3g.orca_hf
 Hartree-Fock type      HFTyp           .... RHF
 Total Charge           Charge          ....    0
 Multiplicity           Mult            ....    1
 Number of Electrons    NEL             ....   10
 Basis Dimension        Dim             ....    7
 Nuclear Repulsion      ENuc            ....      9.2514792692 Eh

Convergence Acceleration:
 DIIS                   CNVDIIS         .... on
   Start iteration      DIISMaxIt       ....    12
   Startup error        DIISStart       ....  0.200000
   # of expansion vecs  DIISMaxEq       ....     5
   Bias factor          DIISBfac        ....   1.050
   Max. coefficient     DIISMaxC        ....  10.000
 Newton-Raphson         CNVNR           .... off
 SOSCF                  CNVSOSCF        .... on
   Start iteration      SOSCFMaxIt      ....   150
   Startup grad/error   SOSCFStart      ....  0.003300
 Level Shifting         CNVShift        .... on
   Level shift para.    LevelShift      ....    0.2500
   Turn off err/grad.   ShiftErr        ....    0.0010
 Zerner damping         CNVZerner       .... off
 Static damping         CNVDamp         .... on
   Fraction old density DampFac         ....    0.7000
   Max. Damping (<1)    DampMax         ....    0.9800
   Min. Damping (>=0)   DampMin         ....    0.0000
   Turn off err/grad.   DampErr         ....    0.1000
 Fernandez-Rico         CNVRico         .... off

SCF Procedure:
 Maximum # iterations   MaxIter         ....   125
 SCF integral mode      SCFMode         .... Direct
   Integral package                     .... LIBINT
 Reset frequeny         DirectResetFreq ....    20
 Integral Threshold     Thresh          ....  3.000e-16 Eh
 Primitive CutOff       TCut            ....  3.000e-18 Eh

Convergence Tolerance:
 Convergence Check Mode ConvCheckMode   .... All-Criteria
 Convergence forced     ConvForced      .... 0
 Energy Change          TolE            ....  1.000e-14 Eh
 Max Density Change     TolMaxP         ....  1.000e-14
 RMS Density Change     TolRMSP         ....  1.000e-14
 Orbital Gradient       TolG            ....  1.000e-09
 Orbital Rotation angle TolX            ....  1.000e-09
 DIIS Error             TolErr          ....  1.000e-14


Diagonalization of the overlap matrix:
Smallest eigenvalue                        ... 3.384e-01
Time for diagonalization                   ...    0.000 sec
Threshold for overlap eigenvalues          ... 1.000e-08
Number of eigenvalues below threshold      ... 0
Time for construction of square roots      ...    0.000 sec
Total time needed                          ...    0.000 sec

-------------------
DFT GRID GENERATION
-------------------

General Integration Accuracy     IntAcc      ...  4.340
Radial Grid Type                 RadialGrid  ... Gauss-Chebyshev
Angular Grid (max. acc.)         AngularGrid ... Lebedev-110
Angular grid pruning method      GridPruning ... 3 (G Style)
Weight generation scheme         WeightScheme... Becke
Basis function cutoff            BFCut       ...    3.0000e-16
Integration weight cutoff        WCut        ...    1.0000e-14
Grids for H and He will be reduced by one unit

# of grid points (after initial pruning)     ...   3304 (   0.0 sec)
# of grid points (after weights+screening)   ...   3265 (   0.0 sec)
nearest neighbour list constructed           ...    0.0 sec
Grid point re-assignment to atoms done       ...    0.0 sec
Grid point division into batches done        ...    0.0 sec
Reduced shell lists constructed in    0.0 sec

Total number of grid points                  ...     3265
Total number of batches                      ...       53
Average number of points per batch           ...       61
Average number of grid points per atom       ...     1088
Average number of shells per batch           ...     4.69 (93.70%)
Average number of basis functions per batch  ...     6.65 (94.97%)
Average number of large shells per batch     ...     4.50 (96.05%)
Average number of large basis fcns per batch ...     6.46 (97.21%)
Maximum spatial batch extension              ...  20.98, 25.65, 17.09 au
Average spatial batch extension              ...   5.04,  5.79,  4.95 au

Time for grid setup =    0.011 sec

------------------------------
INITIAL GUESS: MODEL POTENTIAL
------------------------------
Loading Hartree-Fock densities                     ... done
Calculating cut-offs                               ... done
Setting up the integral package                    ... done
Initializing the effective Hamiltonian             ... done
Starting the Coulomb interaction                   ... done (   0.0 sec)
Reading the grid                                   ... done
Mapping shells                                     ... done
Starting the XC term evaluation                    ... done (   0.0 sec)
Transforming the Hamiltonian                       ... done (   0.0 sec)
Diagonalizing the Hamiltonian                      ... done (   0.0 sec)
Back transforming the eigenvectors                 ... done (   0.0 sec)
Now organizing SCF variables                       ... done
                      ------------------
                      INITIAL GUESS DONE (   0.1 sec)
                      ------------------
----------------------
INITIAL GUESS ORBITALS
----------------------
                      0         1         2         3         4         5   
                 -18.48225  -1.02875  -0.56828  -0.41250  -0.33236   0.20535
                   2.00000   2.00000   2.00000   2.00000   2.00000   0.00000
                  --------  --------  --------  --------  --------  --------
  0O   1s         0.992255  0.243883  0.000118  0.088695  0.000000  0.137815
  0O   2s         0.035035 -0.870862 -0.000615 -0.435749 -0.000000 -0.917581
  0O   1pz        0.002470 -0.080450  0.582099  0.491327  0.000000 -0.368702
  0O   1px        0.003488 -0.113746 -0.410580  0.696112  0.000000 -0.524655
  0O   1py       -0.000000 -0.000000 -0.000000 -0.000000  1.000000  0.000000
  1H   1s        -0.008493 -0.127877  0.341872  0.202744  0.000000  0.830210
  2H   1s        -0.008485 -0.127680 -0.341521  0.203442  0.000000  0.833592
                      6   
                   0.29217
                   0.00000
                  --------
  0O   1s        -0.000331
  0O   2s         0.002357
  0O   1pz        0.762751
  0O   1px       -0.537491
  0O   1py        0.000000
  1H   1s        -0.889493
  2H   1s         0.885739
--------------
SCF ITERATIONS
--------------
               ***  Starting incremental Fock matrix formation  ***

                         ----------------------------
                         !        ITERATION     0   !
                         ----------------------------
   Total Energy        :     -74.901308308808 Eh
   Energy Change       :     -74.901308308808 Eh
   MAX-DP              :       0.067474051551
   RMS-DP              :       0.018155057305
   Actual Damping      :       0.7000
   Actual Level Shift  :       0.2500 Eh


                         ----------------------------
                         !        ITERATION     1   !
                         ----------------------------
   Total Energy        :     -74.918697662639 Eh
   Energy Change       :      -0.017389353830 Eh
   MAX-DP              :       0.057274465612
   RMS-DP              :       0.015566820873
   Actual Damping      :       0.7000
   Actual Level Shift  :       0.2500 Eh

                               ***Turning on DIIS***

                         ----------------------------
                         !        ITERATION     2   !
                         ----------------------------
   Total Energy        :     -74.931060727155 Eh
   Energy Change       :      -0.012363064516 Eh
   MAX-DP              :       0.041364216491
   RMS-DP              :       0.011273283720
   Actual Damping      :       0.7000
   Actual Level Shift  :       0.2500 Eh
   DIIS-Error          :       0.108790973956


                         ----------------------------
                         !        ITERATION     3   !
                         ----------------------------
   Total Energy        :     -75.094432053779 Eh
   Energy Change       :      -0.163371326624 Eh
   MAX-DP              :       0.095310272880
   RMS-DP              :       0.026053042408
   Actual Damping      :       0.0000
   Actual Level Shift  :       0.2500 Eh
   DIIS-Error          :       0.075086220106
   DIIS coefficients:
     -1.44497   2.44497


                         ----------------------------
                         !        ITERATION     4   !
                         ----------------------------
   Total Energy        :     -74.953189098532 Eh
   Energy Change       :       0.141242955247 Eh
   MAX-DP              :       0.007264821986
   RMS-DP              :       0.001222810311
   Actual Damping      :       0.0000
   Actual Level Shift  :       0.2500 Eh
   DIIS-Error          :       0.003643653561
   DIIS coefficients:
      0.01517   0.00357   0.98126

                      *** Initiating the SOSCF procedure ***
                           *** Shutting down DIIS ***
                      *** Re-Reading the Fockian *** 
                      *** Removing any level shift *** 

                         ----------------------------
                         !        ITERATION     5   !
                         ----------------------------
   Total Energy        :     -74.958410294754 Eh
   Energy Change       :      -0.005221196223 Eh
   MAX-DP              :       0.003716963752
   RMS-DP              :       0.000666270378
   Orbital gradient    :       0.001570210557
   Orbital Rotation    :       0.001570210557
   Actual Damping      :       0.0000

               *** Restarting incremental Fock matrix formation ***

                         ----------------------------
                         !        ITERATION     6   !
                         ----------------------------
   Total Energy        :     -74.959318830725 Eh
   Energy Change       :      -0.000908535970 Eh
   MAX-DP              :       0.000989162907
   RMS-DP              :       0.000200474612
   Orbital gradient    :       0.000326801243
   Orbital Rotation    :       0.000312885224
   Actual Damping      :       0.0000


                         ----------------------------
                         !        ITERATION     7   !
                         ----------------------------
   Total Energy        :     -74.959319210809 Eh
   Energy Change       :      -0.000000380085 Eh
   MAX-DP              :       0.000614974291
   RMS-DP              :       0.000131878345
   Orbital gradient    :       0.000135361646
   Orbital Rotation    :       0.000218957429
   Actual Damping      :       0.0000


                         ----------------------------
                         !        ITERATION     8   !
                         ----------------------------
   Total Energy        :     -74.959319286366 Eh
   Energy Change       :      -0.000000075556 Eh
   MAX-DP              :       0.000021278499
   RMS-DP              :       0.000004589106
   Orbital gradient    :       0.000013303076
   Orbital Rotation    :       0.000008225391
   Actual Damping      :       0.0000


                         ----------------------------
                         !        ITERATION     9   !
                         ----------------------------
   Total Energy        :     -74.959319286869 Eh
   Energy Change       :      -0.000000000503 Eh
   MAX-DP              :       0.000006784465
   RMS-DP              :       0.000001743458
   Orbital gradient    :       0.000004084043
   Orbital Rotation    :       0.000002956616
   Actual Damping      :       0.0000


                         ----------------------------
                         !        ITERATION    10   !
                         ----------------------------
   Total Energy        :     -74.959319286910 Eh
   Energy Change       :      -0.000000000042 Eh
   MAX-DP              :       0.000000100492
   RMS-DP              :       0.000000018981
   Orbital gradient    :       0.000000024488
   Orbital Rotation    :       0.000000025874
   Actual Damping      :       0.0000

                          ***Energy convergence achieved***
                           ***RMSP convergence achieved***
                           ***MAXP convergence achieved***
                       ***Gradient convergence achieved***
                    ***Orbital Rotation convergence achieved***
              ***Rediagonalizing the Fockian in SOSCF/NRSCF***

               *****************************************************
               *                     SUCCESS                       *
               *           SCF CONVERGED AFTER  11 CYCLES          *
               *****************************************************


----------------
TOTAL SCF ENERGY
----------------

Total Energy       :          -74.95931929 Eh           -2039.74678 eV

Components:
Nuclear Repulsion  :            9.25147927 Eh             251.74555 eV
Electronic Energy  :          -84.21079856 Eh           -2291.49233 eV
One Electron Energy:         -122.50621280 Eh           -3333.56353 eV
Two Electron Energy:           38.29541424 Eh            1042.07120 eV

Virial components:
Potential Energy   :         -149.56618450 Eh           -4069.90279 eV
Kinetic Energy     :           74.60686522 Eh            2030.15601 eV
Virial Ratio       :            2.00472415


---------------
SCF CONVERGENCE
---------------

  Last Energy change         ...    0.0000e+00  Tolerance :   1.0000e-14
  Last MAX-Density change    ...    0.0000e+00  Tolerance :   1.0000e-14
  Last RMS-Density change    ...    0.0000e+00  Tolerance :   1.0000e-14
  Last Orbital Gradient      ...    6.6484e-10  Tolerance :   1.0000e-09
  Last Orbital Rotation      ...    0.0000e+00  Tolerance :   1.0000e-09

             **** THE GBW FILE WAS UPDATED (h2o_sto3g.orca_hf.gbw) ****
             **** DENSITY FILE WAS UPDATED (h2o_sto3g.orca_hf.scfp.tmp) ****
             **** ENERGY FILE WAS UPDATED (h2o_sto3g.orca_hf.en.tmp) ****
----------------
ORBITAL ENERGIES
----------------

  NO   OCC          E(Eh)            E(eV) 
   0   2.0000     -20.233397      -550.5787 
   1   2.0000      -1.265715       -34.4418 
   2   2.0000      -0.629267       -17.1232 
   3   2.0000      -0.441668       -12.0184 
   4   2.0000      -0.387645       -10.5484 
   5   0.0000       0.602839        16.4041 
   6   0.0000       0.765918        20.8417 
-------
DENSITY
-------
                  0          1          2          3          4          5    
      0       2.105041  -0.439137   0.062725   0.088717  -0.000000  -0.032780
      1      -0.439137   1.933175  -0.358170  -0.506453  -0.000000  -0.015537
      2       0.062725  -0.358170   0.911299   0.269717  -0.000000   0.702886
      3       0.088717  -0.506453   0.269717   1.102010   0.000000   0.076052
      4      -0.000000  -0.000000  -0.000000   0.000000   2.000000   0.000000
      5      -0.032780  -0.015537   0.702886   0.076052   0.000000   0.586146
      6      -0.032758  -0.015439  -0.162765   0.688073   0.000000  -0.193635
                   6    
      0      -0.032758
      1      -0.015439
      2      -0.162765
      3       0.688073
      4       0.000000
      5      -0.193635
      6       0.586335


-------
TIMINGS
-------

Total SCF time: 0 days 0 hours 0 min 1 sec 

Total time                  ....       1.076 sec
Sum of individual times     ....       1.074 sec  ( 99.8%)

Fock matrix formation       ....       0.970 sec  ( 90.2%)
Diagonalization             ....       0.000 sec  (  0.0%)
Density matrix formation    ....       0.000 sec  (  0.0%)
Population analysis         ....       0.000 sec  (  0.0%)
Initial guess               ....       0.091 sec  (  8.5%)
Orbital Transformation      ....       0.000 sec  (  0.0%)
Orbital Orthonormalization  ....       0.000 sec  (  0.0%)
DIIS solution               ....       0.000 sec  (  0.0%)
SOSCF solution              ....       0.000 sec  (  0.0%)

-------------------------   --------------------
FINAL SINGLE POINT ENERGY       -74.959319286910
-------------------------   --------------------


                            ***************************************
                            *     ORCA property calculations      *
                            ***************************************

                                    ---------------------
                                    Active property flags
                                    ---------------------
   (+) Dipole Moment


------------------------------------------------------------------------------
                       ORCA ELECTRIC PROPERTIES CALCULATION
------------------------------------------------------------------------------

Dipole Moment Calculation                       ... on
Quadrupole Moment Calculation                   ... off
Polarizability Calculation                      ... off
GBWName                                         ... h2o_sto3g.orca_hf.gbw
Electron density file                           ... h2o_sto3g.orca_hf.scfp.tmp

-------------
DIPOLE MOMENT
-------------
                                X             Y             Z
Electronic contribution:     -0.19948       0.00000      -0.14058
Nuclear contribution   :      0.74580       0.00000       0.52688
                        -----------------------------------------
Total Dipole Moment    :      0.54631       0.00000       0.38630
                        -----------------------------------------
Magnitude (a.u.)       :      0.66910
Magnitude (Debye)      :      1.70071


Timings for individual modules:

Sum of individual times         ...        1.263 sec (=   0.021 min)
GTO integral calculation        ...        0.172 sec (=   0.003 min)  13.6 %
SCF iterations                  ...        1.091 sec (=   0.018 min)  86.4 %
                             ****ORCA TERMINATED NORMALLY****
TOTAL RUN TIME: 0 days 0 hours 0 minutes 1 seconds 352 msec
