
                                 *****************
                                 * O   R   C   A *
                                 *****************

           --- An Ab Initio, DFT and Semiempirical electronic structure package ---

                  #######################################################
                  #                        -***-                        #
                  #  Department of molecular theory and spectroscopy    #
                  #              Directorship: Frank Neese              #
                  # Max Planck Institute for Chemical Energy Conversion #
                  #                  D-45470 Muelheim/Ruhr              #
                  #                       Germany                       #
                  #                                                     #
                  #                  All rights reserved                #
                  #                        -***-                        #
                  #######################################################


                         Program Version 4.0.0 -  RELEASE  -


 With contributions from (in alphabetic order):
   Daniel Aravena         : Magnetic Properties
   Michael Atanasov       : Ab Initio Ligand Field Theory
   Ute Becker             : Parallelization
   Martin Brehm           : Molecular dynamics
   Dmytro Bykov           : SCF Hessian
   Vijay G. Chilkuri      : MRCI spin determinant printing
   Dipayan Datta          : RHF DLPNO-CCSD density
   Achintya Kumar Dutta   : EOM-CC, STEOM-CC
   Dmitry Ganyushin       : Spin-Orbit,Spin-Spin,Magnetic field MRCI
   Yang Guo               : DLPNO-NEVPT2, CIM, IAO-localization
   Andreas Hansen         : Spin unrestricted coupled pair/coupled cluster methods
   Lee Huntington         : MR-EOM, pCC
   Robert Izsak           : Overlap fitted RIJCOSX, COSX-SCS-MP3, EOM
   Christian Kollmar      : KDIIS, OOCD, Brueckner-CCSD(T), CCSD density
   Simone Kossmann        : Meta GGA functionals, TD-DFT gradient, OOMP2, MP2 Hessian
   Martin Krupicka        : AUTO-CI
   Dagmar Lenk            : GEPOL surface
   Dimitrios Liakos       : Extrapolation schemes; parallel MDCI
   Dimitrios Manganas     : ROCIS; embedding schemes
   Dimitrios Pantazis     : SARC Basis sets
   Taras Petrenko         : DFT Hessian,TD-DFT gradient, ASA, ECA, R-Raman, ABS, FL, XAS/XES, NRVS
   Peter Pinski           : DLPNO-MP2
   Christoph Reimann      : Effective Core Potentials
   Marius Retegan         : Local ZFS, SOC
   Christoph Riplinger    : Optimizer, TS searches, QM/MM, DLPNO-CCSD(T), (RO)-DLPNO pert. Triples
   Tobias Risthaus        : Range-separated hybrids, TD-DFT gradient, RPA, STAB
   Michael Roemelt        : Restricted open shell CIS
   Masaaki Saitow         : Open-shell DLPNO
   Barbara Sandhoefer     : DKH picture change effects
   Kantharuban Sivalingam : CASSCF convergence, NEVPT2, FIC-MRCI
   Georgi Stoychev        : AutoAux
   Boris Wezisla          : Elementary symmetry handling
   Frank Wennmohs         : Technical directorship


 We gratefully acknowledge several colleagues who have allowed us to
 interface, adapt or use parts of their codes:
   Stefan Grimme, W. Hujo, H. Kruse,             : VdW corrections, initial TS optimization,
                  C. Bannwarth                     DFT functionals, gCP, sTDA/sTD-DF
   Ed Valeev                                     : LibInt (2-el integral package), F12 methods
   Garnet Chan, S. Sharma, J. Yang, R. Olivares  : DMRG
   Ulf Ekstrom                                   : XCFun DFT Library
   Mihaly Kallay                                 : mrcc  (arbitrary order and MRCC methods)
   Jiri Pittner, Ondrej Demel                    : Mk-CCSD
   Frank Weinhold                                : gennbo (NPA and NBO analysis)
   Christopher J. Cramer and Donald G. Truhlar   : smd solvation model


 Your calculation uses the libint2 library for the computation of 2-el integrals
 For citations please refer to: http://libint.valeyev.net

 This ORCA versions uses:
   CBLAS   interface :  Fast vector & matrix operations
   LAPACKE interface :  Fast linear algebra routines
   SCALAPACK package :  Parallel linear algebra routines


Your calculation utilizes the basis: 3-21G
   H-Ne       : J. S. Binkley, J. A. Pople and W. J. Hehre, J. Am. Chem. Soc. 102 939 (1980).
   Na-Ar      : M. S. Gordon, J. S. Binkley, J. A. Pople, W. J. Pietro and W.J. Hehre, J. Am. Chem. Soc. 104, 2797 (1983).
   K-Ca, Ga-Kr: K. D. Dobbs and W. J. Hehre, J. Comput. Chem. 7, 359 (1986).
   Sc-Zn      : K. D. Dobbs and W. J. Hehre, J. Comput. Chem. 8, 861 (1987).
   Y-Cd       : K. D. Dobbs and W. J. Hehre, J. Comput. Chem. 8, 880 (1987).

================================================================================
                                        WARNINGS
                       Please study these warnings very carefully!
================================================================================

Warning: TCutStore was < 0. Adjusted to Thresh (uncritical)

WARNING: TCut can not be >=Thresh
  ===> : TCut is set to 0.01*Thresh

INFO   : the flag for use of LIBINT has been found!

================================================================================
                                       INPUT FILE
================================================================================
NAME = Be_321g.orca_hf.in
|  1> ! bohrs extremescf nofrozencore nopop noprintmos largeprint hf 3-21g
|  2> * xyz 0 1
|  3> Be  0  0  0
|  4> *
|  5> 
|  6>                          ****END OF INPUT****
================================================================================

                       ****************************
                       * Single Point Calculation *
                       ****************************

---------------------------------
CARTESIAN COORDINATES (ANGSTROEM)
---------------------------------
  Be     0.000000    0.000000    0.000000

----------------------------
CARTESIAN COORDINATES (A.U.)
----------------------------
  NO LB      ZA    FRAG     MASS         X           Y           Z
   0 Be    4.0000    0     9.012    0.000000    0.000000    0.000000

--------------------------------
INTERNAL COORDINATES (ANGSTROEM)
--------------------------------
 Be     0   0   0     0.000000000000     0.00000000     0.00000000

---------------------------
INTERNAL COORDINATES (A.U.)
---------------------------
 Be     0   0   0     0.000000000000     0.00000000     0.00000000

---------------------
BASIS SET INFORMATION
---------------------
There are 1 groups of distinct atoms

 Group   1 Type Be  : 6s3p contracted to 3s2p pattern {321/21}

Atom   0Be   basis set group =>   1

-------------------------
BASIS SET IN INPUT FORMAT
-------------------------

 # Basis set for element : Be
 NewGTO Be
 S 3 
   1      71.8876000000      0.0644263097
   2      10.7289000000      0.3660960554
   3       2.2220500000      0.6959341053
 S 2 
   1       1.2954800000     -0.4210640659
   2       0.2688810000      1.2240701915
 P 2 
   1       1.2954800000      0.2051319237
   2       0.2688810000      0.8825276719
 S 1 
   1       0.0773500000      1.0000000000
 P 1 
   1       0.0773500000      1.0000000000
  end;

------------------------------------------------------------------------------
                           ORCA GTO INTEGRAL CALCULATION
------------------------------------------------------------------------------

                         BASIS SET STATISTICS AND STARTUP INFO

 # of primitive gaussian shells          ...    9
 # of primitive gaussian functions       ...   15
 # of contracted shells                  ...    5
 # of contracted basis functions         ...    9
 Highest angular momentum                ...    1
 Maximum contraction depth               ...    3
 Integral package used                   ... LIBINT
 Integral threshhold            Thresh   ...  3.000e-16
 Primitive cut-off              TCut     ...  3.000e-18


------------------------------ INTEGRAL EVALUATION ----------------------------


 * One electron integrals 
 Pre-screening matrix                    ... done
 Shell pair data                         ... done (   0.000 sec)

-------------------------------------------------------------------------------
                                 ORCA SCF
-------------------------------------------------------------------------------

------------
SCF SETTINGS
------------
Hamiltonian:
 Ab initio Hamiltonian  Method          .... Hartree-Fock(GTOs)


General Settings:
 Integral files         IntName         .... Be_321g.orca_hf
 Hartree-Fock type      HFTyp           .... RHF
 Total Charge           Charge          ....    0
 Multiplicity           Mult            ....    1
 Number of Electrons    NEL             ....    4
 Basis Dimension        Dim             ....    9
 Nuclear Repulsion      ENuc            ....      0.0000000000 Eh

Convergence Acceleration:
 DIIS                   CNVDIIS         .... on
   Start iteration      DIISMaxIt       ....    12
   Startup error        DIISStart       ....  0.200000
   # of expansion vecs  DIISMaxEq       ....     5
   Bias factor          DIISBfac        ....   1.050
   Max. coefficient     DIISMaxC        ....  10.000
 Newton-Raphson         CNVNR           .... off
 SOSCF                  CNVSOSCF        .... on
   Start iteration      SOSCFMaxIt      ....   150
   Startup grad/error   SOSCFStart      ....  0.003300
 Level Shifting         CNVShift        .... on
   Level shift para.    LevelShift      ....    0.2500
   Turn off err/grad.   ShiftErr        ....    0.0010
 Zerner damping         CNVZerner       .... off
 Static damping         CNVDamp         .... on
   Fraction old density DampFac         ....    0.7000
   Max. Damping (<1)    DampMax         ....    0.9800
   Min. Damping (>=0)   DampMin         ....    0.0000
   Turn off err/grad.   DampErr         ....    0.1000
 Fernandez-Rico         CNVRico         .... off

SCF Procedure:
 Maximum # iterations   MaxIter         ....   125
 SCF integral mode      SCFMode         .... Direct
   Integral package                     .... LIBINT
 Reset frequeny         DirectResetFreq ....    20
 Integral Threshold     Thresh          ....  3.000e-16 Eh
 Primitive CutOff       TCut            ....  3.000e-18 Eh

Convergence Tolerance:
 Convergence Check Mode ConvCheckMode   .... All-Criteria
 Convergence forced     ConvForced      .... 0
 Energy Change          TolE            ....  1.000e-14 Eh
 Max Density Change     TolMaxP         ....  1.000e-14
 RMS Density Change     TolRMSP         ....  1.000e-14
 Orbital Gradient       TolG            ....  1.000e-09
 Orbital Rotation angle TolX            ....  1.000e-09
 DIIS Error             TolErr          ....  1.000e-14


Diagonalization of the overlap matrix:
Smallest eigenvalue                        ... 2.003e-01
Time for diagonalization                   ...    0.000 sec
Threshold for overlap eigenvalues          ... 1.000e-08
Number of eigenvalues below threshold      ... 0
Time for construction of square roots      ...    0.000 sec
Total time needed                          ...    0.000 sec

-------------------
DFT GRID GENERATION
-------------------

General Integration Accuracy     IntAcc      ...  4.340
Radial Grid Type                 RadialGrid  ... Gauss-Chebyshev
Angular Grid (max. acc.)         AngularGrid ... Lebedev-110
Angular grid pruning method      GridPruning ... 3 (G Style)
Weight generation scheme         WeightScheme... Becke
Basis function cutoff            BFCut       ...    3.0000e-16
Integration weight cutoff        WCut        ...    1.0000e-14
Grids for H and He will be reduced by one unit

# of grid points (after initial pruning)     ...   1678 (   0.0 sec)
# of grid points (after weights+screening)   ...   1678 (   0.0 sec)
Grid point division into batches done        ...    0.0 sec
Reduced shell lists constructed in    0.0 sec

Total number of grid points                  ...     1678
Total number of batches                      ...       27
Average number of points per batch           ...       62
Average number of grid points per atom       ...     1678
Average number of shells per batch           ...     4.57 (91.43%)
Average number of basis functions per batch  ...     8.43 (93.65%)
Average number of large shells per batch     ...     4.36 (95.31%)
Average number of large basis fcns per batch ...     8.21 (97.46%)
Maximum spatial batch extension              ...  21.83, 39.91, 39.91 au
Average spatial batch extension              ...  10.55, 12.37, 14.01 au

Time for grid setup =    0.005 sec

------------------------------
INITIAL GUESS: MODEL POTENTIAL
------------------------------
Loading Hartree-Fock densities                     ... done
Calculating cut-offs                               ... done
Setting up the integral package                    ... done
Initializing the effective Hamiltonian             ... done
Starting the Coulomb interaction                   ... done (   0.0 sec)
Reading the grid                                   ... done
Mapping shells                                     ... done
Starting the XC term evaluation                    ... done (   0.0 sec)
Transforming the Hamiltonian                       ... done (   0.0 sec)
Diagonalizing the Hamiltonian                      ... done (   0.0 sec)
Back transforming the eigenvectors                 ... done (   0.0 sec)
Now organizing SCF variables                       ... done
                      ------------------
                      INITIAL GUESS DONE (   0.1 sec)
                      ------------------
----------------------
INITIAL GUESS ORBITALS
----------------------
                      0         1         2         3         4         5   
                  -3.79562  -0.20456  -0.07350  -0.07350  -0.07350   0.24989
                   2.00000   2.00000   0.00000   0.00000   0.00000   0.00000
                  --------  --------  --------  --------  --------  --------
  0Be  1s        -0.989292 -0.230242  0.000000  0.000000 -0.000000  0.000000
  0Be  2s        -0.100922  0.230796  0.000000 -0.000000  0.000000  0.000000
  0Be  1pz       -0.000000 -0.000000 -0.470438  0.021246 -0.001542 -1.139120
  0Be  1px       -0.000000 -0.000000 -0.021302 -0.469204  0.034048 -0.104043
  0Be  1py       -0.000000 -0.000000  0.000000  0.034083  0.469685 -0.000000
  0Be  3s         0.035434  0.820380 -0.000000 -0.000000  0.000000 -0.000000
  0Be  2pz        0.000000 -0.000000 -0.646841  0.029213 -0.002120  1.049635
  0Be  2px        0.000000 -0.000000 -0.029290 -0.645145  0.046815  0.095870
  0Be  2py        0.000000  0.000000 -0.000000  0.046863  0.645806  0.000000
                      6         7         8   
                   0.24989   0.24989   0.39019
                   0.00000   0.00000   0.00000
                  --------  --------  --------
  0Be  1s        -0.000000 -0.000000 -0.026149
  0Be  2s        -0.000000 -0.000000  1.643236
  0Be  1pz        0.010552 -0.103506  0.000000
  0Be  1px       -0.115529  1.133247  0.000000
  0Be  1py        1.137964  0.116010  0.000000
  0Be  3s         0.000000  0.000000 -1.456996
  0Be  2pz       -0.009723  0.095375 -0.000000
  0Be  2px        0.106453 -1.044222 -0.000000
  0Be  2py       -1.048569 -0.106896 -0.000000
--------------
SCF ITERATIONS
--------------
               ***  Starting incremental Fock matrix formation  ***

                         ----------------------------
                         !        ITERATION     0   !
                         ----------------------------
   Total Energy        :     -14.485218936438 Eh
   Energy Change       :     -14.485218936438 Eh
   MAX-DP              :       0.010875885469
   RMS-DP              :       0.001557151066
   Actual Damping      :       0.7000
   Actual Level Shift  :       0.2500 Eh


                         ----------------------------
                         !        ITERATION     1   !
                         ----------------------------
   Total Energy        :     -14.485671015594 Eh
   Energy Change       :      -0.000452079155 Eh
   MAX-DP              :       0.008293349956
   RMS-DP              :       0.001190619224
   Actual Damping      :       0.7000
   Actual Level Shift  :       0.2500 Eh

                               ***Turning on DIIS***

                         ----------------------------
                         !        ITERATION     2   !
                         ----------------------------
   Total Energy        :     -14.486001373890 Eh
   Energy Change       :      -0.000330358296 Eh
   MAX-DP              :       0.019975133279
   RMS-DP              :       0.002875546365
   Actual Damping      :       0.0000
   Actual Level Shift  :       0.2500 Eh
   DIIS-Error          :       0.032180574123

                      *** Initiating the SOSCF procedure ***
                           *** Shutting down DIIS ***
                      *** Re-Reading the Fockian *** 
                      *** Removing any level shift *** 

                         ----------------------------
                         !        ITERATION     3   !
                         ----------------------------
   Total Energy        :     -14.486678735314 Eh
   Energy Change       :      -0.000677361425 Eh
   MAX-DP              :       0.001461683665
   RMS-DP              :       0.000250643281
   Orbital gradient    :       0.002765998551
   Orbital Rotation    :       0.002765998551
   Actual Damping      :       0.0000

               *** Restarting incremental Fock matrix formation ***

                         ----------------------------
                         !        ITERATION     4   !
                         ----------------------------
   Total Energy        :     -14.486820211156 Eh
   Energy Change       :      -0.000141475842 Eh
   MAX-DP              :       0.000509751409
   RMS-DP              :       0.000060974581
   Orbital gradient    :       0.000125511984
   Orbital Rotation    :       0.000107279200
   Actual Damping      :       0.0000


                         ----------------------------
                         !        ITERATION     5   !
                         ----------------------------
   Total Energy        :     -14.486820241214 Eh
   Energy Change       :      -0.000000030057 Eh
   MAX-DP              :       0.000118821892
   RMS-DP              :       0.000014248043
   Orbital gradient    :       0.000017591737
   Orbital Rotation    :       0.000024897933
   Actual Damping      :       0.0000


                         ----------------------------
                         !        ITERATION     6   !
                         ----------------------------
   Total Energy        :     -14.486820242152 Eh
   Energy Change       :      -0.000000000938 Eh
   MAX-DP              :       0.000001797547
   RMS-DP              :       0.000000255018
   Orbital gradient    :       0.000001214427
   Orbital Rotation    :       0.000000367459
   Actual Damping      :       0.0000


                         ----------------------------
                         !        ITERATION     7   !
                         ----------------------------
   Total Energy        :     -14.486820242152 Eh
   Energy Change       :      -0.000000000001 Eh
   MAX-DP              :       0.000000094193
   RMS-DP              :       0.000000016853
   Orbital gradient    :       0.000000121541
   Orbital Rotation    :       0.000000025026
   Actual Damping      :       0.0000

                          ***Energy convergence achieved***
                           ***RMSP convergence achieved***
                           ***MAXP convergence achieved***
                       ***Gradient convergence achieved***
                    ***Orbital Rotation convergence achieved***
              ***Rediagonalizing the Fockian in SOSCF/NRSCF***

               *****************************************************
               *                     SUCCESS                       *
               *           SCF CONVERGED AFTER   8 CYCLES          *
               *****************************************************


----------------
TOTAL SCF ENERGY
----------------

Total Energy       :          -14.48682024 Eh            -394.20642 eV

Components:
Nuclear Repulsion  :            0.00000000 Eh               0.00000 eV
Electronic Energy  :          -14.48682024 Eh            -394.20642 eV
One Electron Energy:          -18.98558409 Eh            -516.62401 eV
Two Electron Energy:            4.49876385 Eh             122.41759 eV

Virial components:
Potential Energy   :          -28.96488040 Eh            -788.17447 eV
Kinetic Energy     :           14.47806016 Eh             393.96805 eV
Virial Ratio       :            2.00060506


---------------
SCF CONVERGENCE
---------------

  Last Energy change         ...   -7.1054e-15  Tolerance :   1.0000e-14
  Last MAX-Density change    ...    0.0000e+00  Tolerance :   1.0000e-14
  Last RMS-Density change    ...    0.0000e+00  Tolerance :   1.0000e-14
  Last Orbital Gradient      ...    1.5343e-10  Tolerance :   1.0000e-09
  Last Orbital Rotation      ...    0.0000e+00  Tolerance :   1.0000e-09

             **** THE GBW FILE WAS UPDATED (Be_321g.orca_hf.gbw) ****
             **** DENSITY FILE WAS UPDATED (Be_321g.orca_hf.scfp.tmp) ****
             **** ENERGY FILE WAS UPDATED (Be_321g.orca_hf.en.tmp) ****
----------------
ORBITAL ENERGIES
----------------

  NO   OCC          E(Eh)            E(eV) 
   0   2.0000      -4.688384      -127.5774 
   1   2.0000      -0.305644        -8.3170 
   2   0.0000       0.071407         1.9431 
   3   0.0000       0.071407         1.9431 
   4   0.0000       0.071407         1.9431 
   5   0.0000       0.464195        12.6314 
   6   0.0000       0.464195        12.6314 
   7   0.0000       0.464195        12.6314 
   8   0.0000       0.552611        15.0373 
-------
DENSITY
-------
                  0          1          2          3          4          5    
      0       2.064406   0.052807   0.000000  -0.000000  -0.000000  -0.411821
      1       0.052807   0.116877  -0.000000  -0.000000   0.000000   0.372807
      2       0.000000  -0.000000   0.000000  -0.000000  -0.000000  -0.000000
      3      -0.000000  -0.000000  -0.000000   0.000000  -0.000000  -0.000000
      4      -0.000000   0.000000  -0.000000  -0.000000   0.000000   0.000000
      5      -0.411821   0.372807  -0.000000  -0.000000   0.000000   1.354163
      6      -0.000000  -0.000000  -0.000000   0.000000   0.000000  -0.000000
      7       0.000000  -0.000000   0.000000  -0.000000  -0.000000  -0.000000
      8       0.000000  -0.000000   0.000000   0.000000  -0.000000  -0.000000
                   6          7          8    
      0      -0.000000   0.000000   0.000000
      1      -0.000000  -0.000000  -0.000000
      2      -0.000000   0.000000   0.000000
      3       0.000000  -0.000000   0.000000
      4       0.000000  -0.000000  -0.000000
      5      -0.000000  -0.000000  -0.000000
      6       0.000000  -0.000000  -0.000000
      7      -0.000000   0.000000   0.000000
      8      -0.000000   0.000000   0.000000


--------------------------
ATOM BASIS FOR ELEMENT Be
--------------------------
 NewGTO Be
 S 6
    1         71.887600000000         0.063963076330
    2         10.728900000000         0.363463777868
    3          2.222050000000         0.690930249952
    4          1.295480000000        -0.032179829022
    5          0.268881000000         0.093549587025
    6          0.077350000000        -0.028726705406
 S 6
    1         71.887600000000         0.013897548425
    2         10.728900000000         0.078971427632
    3          2.222050000000         0.150121556962
    4          1.295480000000         0.096567575406
    5          0.268881000000        -0.280730416344
    6          0.077350000000        -0.822347998853
 end
-------------------------------------------
RADIAL EXPECTATION VALUES <R**-3> TO <R**3>
-------------------------------------------
   0 :     0.000000    26.365840     3.653924     0.415596     0.235923     0.182620
   1 :     0.000000     1.095957     0.529031     2.623858     8.175387    29.272888
   2 :     0.685760     0.528403     0.591815     2.682723    10.348012    48.732334
   3 :     0.124228     0.172375     0.361369     3.362050    13.052440    56.657619
   4 :     0.124228     0.172375     0.361369     3.362050    13.052440    56.657619
   5 :     0.124228     0.172375     0.361369     3.362050    13.052440    56.657619
   6 :     0.685760     0.528403     0.591815     2.682723    10.348012    48.732334
   7 :     0.685760     0.528403     0.591815     2.682723    10.348012    48.732334
   8 :     0.000000     0.492940     0.470470     3.064998    11.762910    51.481221
-------
TIMINGS
-------

Total SCF time: 0 days 0 hours 0 min 0 sec 

Total time                  ....       0.808 sec
Sum of individual times     ....       0.806 sec  ( 99.8%)

Fock matrix formation       ....       0.718 sec  ( 89.0%)
Diagonalization             ....       0.000 sec  (  0.0%)
Density matrix formation    ....       0.000 sec  (  0.0%)
Population analysis         ....       0.000 sec  (  0.0%)
Initial guess               ....       0.082 sec  ( 10.1%)
Orbital Transformation      ....       0.000 sec  (  0.0%)
Orbital Orthonormalization  ....       0.000 sec  (  0.0%)
DIIS solution               ....       0.000 sec  (  0.0%)
SOSCF solution              ....       0.000 sec  (  0.0%)

-------------------------   --------------------
FINAL SINGLE POINT ENERGY       -14.486820242152
-------------------------   --------------------


                            ***************************************
                            *     ORCA property calculations      *
                            ***************************************

                                    ---------------------
                                    Active property flags
                                    ---------------------
   (+) Dipole Moment


------------------------------------------------------------------------------
                       ORCA ELECTRIC PROPERTIES CALCULATION
------------------------------------------------------------------------------

Dipole Moment Calculation                       ... on
Quadrupole Moment Calculation                   ... off
Polarizability Calculation                      ... off
GBWName                                         ... Be_321g.orca_hf.gbw
Electron density file                           ... Be_321g.orca_hf.scfp.tmp

-------------
DIPOLE MOMENT
-------------
                                X             Y             Z
Electronic contribution:      0.00000       0.00000       0.00000
Nuclear contribution   :      0.00000       0.00000       0.00000
                        -----------------------------------------
Total Dipole Moment    :      0.00000       0.00000       0.00000
                        -----------------------------------------
Magnitude (a.u.)       :      0.00000
Magnitude (Debye)      :      0.00000


Timings for individual modules:

Sum of individual times         ...        0.996 sec (=   0.017 min)
GTO integral calculation        ...        0.173 sec (=   0.003 min)  17.4 %
SCF iterations                  ...        0.822 sec (=   0.014 min)  82.6 %
                             ****ORCA TERMINATED NORMALLY****
TOTAL RUN TIME: 0 days 0 hours 0 minutes 1 seconds 84 msec
